 simiam_AvoidObstacle_sfun

 Timestamp is 52db5191 (Sun Jan 19 12:16:17 2014)

 Preferred load address is 0000000180000000

 Start         Length     Name                   Class
 0001:00000000 0004e3e2H .text                   CODE
 0001:0004e3f0 0000007bH .text$x                 CODE
 0002:00000000 000004f0H .idata$5                DATA
 0002:000004f0 00000008H .CRT$XCA                DATA
 0002:000004f8 00000008H .CRT$XCZ                DATA
 0002:00000500 00000008H .CRT$XIA                DATA
 0002:00000508 00000008H .CRT$XIAA               DATA
 0002:00000510 00000008H .CRT$XIC                DATA
 0002:00000518 00000008H .CRT$XIZ                DATA
 0002:00000520 00004cc0H .rdata                  DATA
 0002:000051e0 00000008H .rtc$IAA                DATA
 0002:000051e8 00000008H .rtc$IZZ                DATA
 0002:000051f0 00000008H .rtc$TAA                DATA
 0002:000051f8 00000008H .rtc$TZZ                DATA
 0002:00005200 00004658H .xdata                  DATA
 0002:00009858 000000a0H .idata$2                DATA
 0002:000098f8 00000014H .idata$3                DATA
 0002:00009910 000004f0H .idata$4                DATA
 0002:00009e00 00000be0H .idata$6                DATA
 0002:0000a9e0 0000005fH .edata                  DATA
 0003:00000000 0000c524H .data                   DATA
 0003:0000c540 00002498H .bss                    DATA
 0004:00000000 000035acH .pdata                  DATA

  Address         Publics by Value              Rva+Base               Lib:Object

 0000:00000000       ___safe_se_handler_count   0000000000000000     <absolute>
 0000:00000000       ___safe_se_handler_table   0000000000000000     <absolute>
 0000:00000000       __ImageBase                0000000180000000     <linker-defined>
 0001:00000000       simiam_AvoidObstacle_initializer 0000000180001000 f   simiam_AvoidObstacle_sfun.obj
 0001:00000010       simiam_AvoidObstacle_terminator 0000000180001010 f   simiam_AvoidObstacle_sfun.obj
 0001:00000020       load_simiam_AvoidObstacle_optimization_info 0000000180001020 f   simiam_AvoidObstacle_sfun.obj
 0001:00000070       unload_simiam_AvoidObstacle_optimization_info 0000000180001070 f   simiam_AvoidObstacle_sfun.obj
 0001:000000a0       sf_simiam_AvoidObstacle_method_dispatcher 00000001800010a0 f   simiam_AvoidObstacle_sfun.obj
 0001:000000f0       sf_simiam_AvoidObstacle_process_check_sum_call 00000001800010f0 f   simiam_AvoidObstacle_sfun.obj
 0001:00000770       sf_simiam_AvoidObstacle_autoinheritance_info 0000000180001770 f   simiam_AvoidObstacle_sfun.obj
 0001:00000950       sf_simiam_AvoidObstacle_get_eml_resolved_functions_info 0000000180001950 f   simiam_AvoidObstacle_sfun.obj
 0001:00000ad0       sf_simiam_AvoidObstacle_third_party_uses_info 0000000180001ad0 f   simiam_AvoidObstacle_sfun.obj
 0001:00000ca0       sf_simiam_AvoidObstacle_updateBuildInfo_args_info 0000000180001ca0 f   simiam_AvoidObstacle_sfun.obj
 0001:00000e70       simiam_AvoidObstacle_debug_initialize 0000000180001e70 f   simiam_AvoidObstacle_sfun.obj
 0001:00000ef0       simiam_AvoidObstacle_register_exported_symbols 0000000180001ef0 f   simiam_AvoidObstacle_sfun.obj
 0001:00000f00       sf_c2_simiam_AvoidObstacle_get_eml_resolved_functions_info 0000000180001f00 f   c2_simiam_AvoidObstacle.obj
 0001:00000f80       sf_c2_simiam_AvoidObstacle_get_check_sum 0000000180001f80 f   c2_simiam_AvoidObstacle.obj
 0001:00001050       c2_simiam_AvoidObstacle_method_dispatcher 0000000180002050 f   c2_simiam_AvoidObstacle.obj
 0001:0001b010       sf_c2_simiam_AvoidObstacle_get_autoinheritance_info 000000018001c010 f   c2_simiam_AvoidObstacle.obj
 0001:0001b820       sf_c2_simiam_AvoidObstacle_third_party_uses_info 000000018001c820 f   c2_simiam_AvoidObstacle.obj
 0001:0001b850       sf_c2_simiam_AvoidObstacle_updateBuildInfo_args_info 000000018001c850 f   c2_simiam_AvoidObstacle.obj
 0001:0001d1b0       sf_internal_get_sim_state_c2_simiam_AvoidObstacle 000000018001e1b0 f   c2_simiam_AvoidObstacle.obj
 0001:0001d300       sf_internal_set_sim_state_c2_simiam_AvoidObstacle 000000018001e300 f   c2_simiam_AvoidObstacle.obj
 0001:0001dde0       mexFunction                000000018001ede0 f   simiam_AvoidObstacle_sfun_registry.obj
 0001:0001ef80       _ssSetInputPortDirectFeedThroughFcn 000000018001ff80 f   simiam_AvoidObstacle_sfun_registry.obj
 0001:0001f0e0       _ssGetInputPortSignalPtrsFcn 00000001800200e0 f   simiam_AvoidObstacle_sfun_registry.obj
 0001:0001f300       _ssGetInputPortSignalFcn   0000000180020300 f   simiam_AvoidObstacle_sfun_registry.obj
 0001:0001f520       _ssSetInputPortReusableFcn 0000000180020520 f   simiam_AvoidObstacle_sfun_registry.obj
 0001:0001f600       _ssSetOutputPortReusableFcn 0000000180020600 f   simiam_AvoidObstacle_sfun_registry.obj
 0001:0001f6e0       ssGetIsZeroCrossControlDisabled 00000001800206e0 f   simiam_AvoidObstacle_sfun_registry.obj
 0001:0001f750       ssSetIsInputPortUsedForContZcSignal 0000000180020750 f   simiam_AvoidObstacle_sfun_registry.obj
 0001:0001f7c0       ssSetZcSignalIsZcElementDisc 00000001800207c0 f   simiam_AvoidObstacle_sfun_registry.obj
 0001:0001f870       ssSetZcSignalName          0000000180020870 f   simiam_AvoidObstacle_sfun_registry.obj
 0001:0001f8e0       ssSetZcSignalWidth         00000001800208e0 f   simiam_AvoidObstacle_sfun_registry.obj
 0001:0001f950       ssSetZcSignalZcEventType   0000000180020950 f   simiam_AvoidObstacle_sfun_registry.obj
 0001:0001f9c0       ssSetZcSignalType          00000001800209c0 f   simiam_AvoidObstacle_sfun_registry.obj
 0001:0001fa30       ssSetZcSignalZcTol         0000000180020a30 f   simiam_AvoidObstacle_sfun_registry.obj
 0001:0001faa0       ssSetZcSignalNeedsEventNotification 0000000180020aa0 f   simiam_AvoidObstacle_sfun_registry.obj
 0001:0001fb10       ssCreateAndAddZcSignalInfo 0000000180020b10 f   simiam_AvoidObstacle_sfun_registry.obj
 0001:0001fb80       ssCloneAndAddZcSignalInfo  0000000180020b80 f   simiam_AvoidObstacle_sfun_registry.obj
 0001:0001fbf0       ssGetNumZcSignals          0000000180020bf0 f   simiam_AvoidObstacle_sfun_registry.obj
 0001:0001fc60       ssGetZcSignalVector        0000000180020c60 f   simiam_AvoidObstacle_sfun_registry.obj
 0001:0001fcd0       ssGetZcSignalName          0000000180020cd0 f   simiam_AvoidObstacle_sfun_registry.obj
 0001:0001fd40       ssGetZcSignalWidth         0000000180020d40 f   simiam_AvoidObstacle_sfun_registry.obj
 0001:0001fdb0       ssGetZcSignalZcEventType   0000000180020db0 f   simiam_AvoidObstacle_sfun_registry.obj
 0001:0001fe20       ssGetZcSignalZcEvents      0000000180020e20 f   simiam_AvoidObstacle_sfun_registry.obj
 0001:0001fe90       ssGetZcSignalType          0000000180020e90 f   simiam_AvoidObstacle_sfun_registry.obj
 0001:0001ff00       ssGetZcSignalZcTol         0000000180020f00 f   simiam_AvoidObstacle_sfun_registry.obj
 0001:0001ff80       ssGetZcSignalNeedsEventNotification 0000000180020f80 f   simiam_AvoidObstacle_sfun_registry.obj
 0001:0001fff0       ssGetZcSignalIsZcElementDisc 0000000180020ff0 f   simiam_AvoidObstacle_sfun_registry.obj
 0001:00020090       ssGetIsInputPortElementContinuous 0000000180021090 f   simiam_AvoidObstacle_sfun_registry.obj
 0001:00020130       ssGetDTypeIdFromMxArray    0000000180021130 f   simiam_AvoidObstacle_sfun_registry.obj
 0001:00020250       ssWriteRTWStr              0000000180021250 f   simiam_AvoidObstacle_sfun_registry.obj
 0001:000202b0       ssWriteRTWNameValuePair    00000001800212b0 f   simiam_AvoidObstacle_sfun_registry.obj
 0001:000207b0       ssWriteRTWParamSettings    00000001800217b0 f   simiam_AvoidObstacle_sfun_registry.obj
 0001:00020ea0       ssWriteRTWParameters       0000000180021ea0 f   simiam_AvoidObstacle_sfun_registry.obj
 0001:00021470       ssWriteRTWWorkVect         0000000180022470 f   simiam_AvoidObstacle_sfun_registry.obj
 0001:00021960       ssWriteRTWMxVectParam      0000000180022960 f   simiam_AvoidObstacle_sfun_registry.obj
 0001:000219e0       ssWriteRTWMx2dMatParam     00000001800229e0 f   simiam_AvoidObstacle_sfun_registry.obj
 0001:00021a70       _ssSetInputPortMatrixDimensions 0000000180022a70 f   simiam_AvoidObstacle_sfun_registry.obj
 0001:00021b70       _ssSetOutputPortMatrixDimensions 0000000180022b70 f   simiam_AvoidObstacle_sfun_registry.obj
 0001:00021c70       _ssSetInputPortVectorDimension 0000000180022c70 f   simiam_AvoidObstacle_sfun_registry.obj
 0001:00021d20       _ssSetOutputPortVectorDimension 0000000180022d20 f   simiam_AvoidObstacle_sfun_registry.obj
 0001:00021dd0       ssIsRunTimeParamTunable    0000000180022dd0 f   simiam_AvoidObstacle_sfun_registry.obj
 0001:00021e40       ssGetSFuncBlockHandle      0000000180022e40 f   simiam_AvoidObstacle_sfun_registry.obj
 0001:00021eb0       _ssGetCurrentInputPortWidth 0000000180022eb0 f   simiam_AvoidObstacle_sfun_registry.obj
 0001:00021fd0       _ssGetCurrentOutputPortWidth 0000000180022fd0 f   simiam_AvoidObstacle_sfun_registry.obj
 0001:000220f0       _ssGetCallSystemNumFcnCallDestinations 00000001800230f0 f   simiam_AvoidObstacle_sfun_registry.obj
 0001:00022160       ssWarning                  0000000180023160 f   simiam_AvoidObstacle_sfun_registry.obj
 0001:00022250       _ssGetAbsTol               0000000180023250 f   simiam_AvoidObstacle_sfun_registry.obj
 0001:000222c0       _ssSetStateAbsTol          00000001800232c0 f   simiam_AvoidObstacle_sfun_registry.obj
 0001:000223a0       sf_process_check_sum_call  00000001800233a0 f   simiam_AvoidObstacle_sfun_registry.obj
 0001:000223f0       sf_process_autoinheritance_call 00000001800233f0 f   simiam_AvoidObstacle_sfun_registry.obj
 0001:00022620       sf_process_get_third_party_uses_info_call 0000000180023620 f   simiam_AvoidObstacle_sfun_registry.obj
 0001:00022850       sf_process_get_updateBuildInfo_args_info_call 0000000180023850 f   simiam_AvoidObstacle_sfun_registry.obj
 0001:00022a80       sf_process_get_eml_resolved_functions_info_call 0000000180023a80 f   simiam_AvoidObstacle_sfun_registry.obj
 0001:00022c80       sf_mex_unlock_call         0000000180023c80 f   simiam_AvoidObstacle_sfun_registry.obj
 0001:00022ef0       sf_machine_global_initializer_called 0000000180023ef0 f   simiam_AvoidObstacle_sfun_registry.obj
 0001:00022f20       sf_machine_global_method_dispatcher 0000000180023f20 f   simiam_AvoidObstacle_sfun_registry.obj
 0001:00022f80       sf_machine_global_terminator 0000000180023f80 f   simiam_AvoidObstacle_sfun_registry.obj
 0001:00022fd0       sf_register_machine_exported_symbols 0000000180023fd0 f   simiam_AvoidObstacle_sfun_registry.obj
 0001:00022ff0       callCustomFcn              0000000180023ff0 f   simiam_AvoidObstacle_sfun_registry.obj
 0001:00023000       sf_machine_global_initializer 0000000180024000 f   simiam_AvoidObstacle_sfun_registry.obj
 0001:00023080       ProcessMexSfunctionEveryCall 0000000180024080 f   simiam_AvoidObstacle_sfun_registry.obj
 0001:00024020       sim_mode_is_rtw_gen        0000000180025020 f   sfc_mex:sfc_sf.obj
 0001:00024050       sim_mode_is_external       0000000180025050 f   sfc_mex:sfc_sf.obj
 0001:00024060       sim_mode_is_modelref_sim   0000000180025060 f   sfc_mex:sfc_sf.obj
 0001:00024080       mdlInitializeSizes         0000000180025080 f   sfc_mex:sfc_sf.obj
 0001:000240a0       mdlInitializeSampleTimes   00000001800250a0 f   sfc_mex:sfc_sf.obj
 0001:000240e0       mdlZeroCrossings           00000001800250e0 f   sfc_mex:sfc_sf.obj
 0001:000241c0       mdlDerivatives             00000001800251c0 f   sfc_mex:sfc_sf.obj
 0001:00024270       mdl_initialize_conditions_processing 0000000180025270 f   sfc_mex:sfc_sf.obj
 0001:000242a0       mdlInitializeConditions    00000001800252a0 f   sfc_mex:sfc_sf.obj
 0001:00024350       mdlGetSimState             0000000180025350 f   sfc_mex:sfc_sf.obj
 0001:00024360       mdlSetSimState             0000000180025360 f   sfc_mex:sfc_sf.obj
 0001:00024370       mdl_ext_mode_exec_processing 0000000180025370 f   sfc_mex:sfc_sf.obj
 0001:00024390       mdlExtModeExec             0000000180025390 f   sfc_mex:sfc_sf.obj
 0001:00024520       mdlTerminate               0000000180025520 f   sfc_mex:sfc_sf.obj
 0001:00024590       mdlRTW                     0000000180025590 f   sfc_mex:sfc_sf.obj
 0001:000245c0       mdlSetWorkWidths           00000001800255c0 f   sfc_mex:sfc_sf.obj
 0001:000245d0       mdlProcessParameters       00000001800255d0 f   sfc_mex:sfc_sf.obj
 0001:000245e0       mdl_start_processing       00000001800255e0 f   sfc_mex:sfc_sf.obj
 0001:00024640       mdlStart                   0000000180025640 f   sfc_mex:sfc_sf.obj
 0001:00024750       mdlEnable                  0000000180025750 f   sfc_mex:sfc_sf.obj
 0001:00024820       mdlDisable                 0000000180025820 f   sfc_mex:sfc_sf.obj
 0001:000248d0       sf_get_chart_instance_ptr  00000001800258d0 f   sfc_mex:sfc_sf.obj
 0001:000248f0       sf_load_rtw_optimization_info 00000001800258f0 f   sfc_mex:sfc_sf.obj
 0001:000249c0       sf_update_buildInfo        00000001800259c0 f   sfc_mex:sfc_sf.obj
 0001:00024ac0       sf_rtw_info_uint_prop      0000000180025ac0 f   sfc_mex:sfc_sf.obj
 0001:00024c00       sf_is_chart_inlinable      0000000180025c00 f   sfc_mex:sfc_sf.obj
 0001:00024c20       sf_mark_output_events_with_multiple_callers 0000000180025c20 f   sfc_mex:sfc_sf.obj
 0001:00024db0       sf_mark_chart_reusable_outputs 0000000180025db0 f   sfc_mex:sfc_sf.obj
 0001:00025010       sf_mark_chart_expressionable_inputs 0000000180026010 f   sfc_mex:sfc_sf.obj
 0001:00025270       sf_get_subchart_simstruct  0000000180026270 f   sfc_mex:sfc_sf.obj
 0001:000252c0       sf_get_fixpt_data_type_id  00000001800262c0 f   sfc_mex:sfc_sf.obj
 0001:00025300       sf_get_enum_data_type_id   0000000180026300 f   sfc_mex:sfc_sf.obj
 0001:00025340       sf_get_param_data_type_id  0000000180026340 f   sfc_mex:sfc_sf.obj
 0001:00025370       sf_mex_listen_for_ctrl_c_force 0000000180026370 f   sfc_mex:sfc_sf.obj
 0001:00025480       sf_mex_draw_now            0000000180026480 f   sfc_mex:sfc_sf.obj
 0001:000254c0       sf_mex_set_debugger_sim_status_listener_fcn 00000001800264c0 f   sfc_mex:sfc_sf.obj
 0001:000254d0       sf_mex_listen_for_ctrl_c   00000001800264d0 f   sfc_mex:sfc_sf.obj
 0001:00025570       sf_mex_get_sfun_param      0000000180026570 f   sfc_mex:sfc_sf.obj
 0001:000255c0       sf_get_runtime_param_data  00000001800265c0 f   sfc_mex:sfc_sf.obj
 0001:00025600       sf_call_output_fcn_call    0000000180026600 f   sfc_mex:sfc_sf.obj
 0001:00025740       sf_call_output_fcn_enable  0000000180026740 f   sfc_mex:sfc_sf.obj
 0001:000257d0       sf_call_output_fcn_disable 00000001800267d0 f   sfc_mex:sfc_sf.obj
 0001:00025860       sf_clear_rtw_identifier    0000000180026860 f   sfc_mex:sfc_sf.obj
 0001:00026040       sf_set_encoded_dwork_info  0000000180027040 f   sfc_mex:sfc_sf.obj
 0001:00026090       sf_get_dwork_info_from_mat_file 0000000180027090 f   sfc_mex:sfc_sf.obj
 0001:00026250       sf_set_rtw_dwork_info      0000000180027250 f   sfc_mex:sfc_sf.obj
 0001:000263c0       mdlOutputs                 00000001800273c0 f   sfc_mex:sfc_sf.obj
 0001:000265b0       sf_mex_mx_is_numeric       00000001800275b0 f   sfc_mex:sfc_mex.obj
 0001:000265f0       strcmp_ignore_ws           00000001800275f0 f   sfc_mex:sfc_mex.obj
 0001:00026730       sf_mex_duplicatearraysafe  0000000180027730 f   sfc_mex:sfc_mex.obj
 0001:00026890       sf_set_error_debugger_context_message_fcn 0000000180027890 f   sfc_mex:sfc_mex.obj
 0001:000268a0       sf_set_debugger_matlab_error_fcn 00000001800278a0 f   sfc_mex:sfc_mex.obj
 0001:000268e0       sf_set_error_prefix_string 00000001800278e0 f   sfc_mex:sfc_mex.obj
 0001:00026910       sf_get_error_prefix_string 0000000180027910 f   sfc_mex:sfc_mex.obj
 0001:00026920       sf_mex_enter_parallel_region 0000000180027920 f   sfc_mex:sfc_mex.obj
 0001:00026930       sf_mex_exit_parallel_region 0000000180027930 f   sfc_mex:sfc_mex.obj
 0001:00026940       sf_get_current_jmp_buf_ptr 0000000180027940 f   sfc_mex:sfc_mex.obj
 0001:00026950       sf_set_current_jmp_buf_ptr 0000000180027950 f   sfc_mex:sfc_mex.obj
 0001:00026960       sf_mex_set_halt_simulation 0000000180027960 f   sfc_mex:sfc_mex.obj
 0001:00026970       sf_mex_get_halt_simulation 0000000180027970 f   sfc_mex:sfc_mex.obj
 0001:00026980       sf_mex_clear_error_message 0000000180027980 f   sfc_mex:sfc_mex.obj
 0001:000269a0       sf_mex_get_error_message_for_read 00000001800279a0 f   sfc_mex:sfc_mex.obj
 0001:000269b0       sf_mex_get_error_message_buffer_length 00000001800279b0 f   sfc_mex:sfc_mex.obj
 0001:00026a70       sf_mex_warning_message     0000000180027a70 f   sfc_mex:sfc_mex.obj
 0001:00026ac0       sf_mex_v_errbuf_createf    0000000180027ac0 f   sfc_mex:sfc_mex.obj
 0001:00026ad0       sf_mex_errbuf_createf      0000000180027ad0 f   sfc_mex:sfc_mex.obj
 0001:00026b00       sf_mex_v_errbuf_catf       0000000180027b00 f   sfc_mex:sfc_mex.obj
 0001:00026b40       sf_mex_errbuf_catf         0000000180027b40 f   sfc_mex:sfc_mex.obj
 0001:00026b90       sf_mex_errbuf_copy         0000000180027b90 f   sfc_mex:sfc_mex.obj
 0001:00026ba0       sf_mex_errbuf_clear        0000000180027ba0 f   sfc_mex:sfc_mex.obj
 0001:00026bb0       sf_mex_errbuf_isempty      0000000180027bb0 f   sfc_mex:sfc_mex.obj
 0001:00026cb0       sf_mex_set_error_status    0000000180027cb0 f   sfc_mex:sfc_mex.obj
 0001:00026d00       sf_mex_error_direct_call   0000000180027d00 f   sfc_mex:sfc_mex.obj
 0001:00026d20       sf_mex_error_message_no_long_jump 0000000180027d20 f   sfc_mex:sfc_mex.obj
 0001:00026d40       sf_mex_long_jump_on_error  0000000180027d40 f   sfc_mex:sfc_mex.obj
 0001:00026d70       sf_mex_call_matlab         0000000180027d70 f   sfc_mex:sfc_mex.obj
 0001:00026e50       sf_mex_check_builtin       0000000180027e50 f   sfc_mex:sfc_mex.obj
 0001:00026ef0       sf_mex_check_builtin_vs    0000000180027ef0 f   sfc_mex:sfc_mex.obj
 0001:00026fb0       sf_mex_check_enum          0000000180027fb0 f   sfc_mex:sfc_mex.obj
 0001:00027030       sf_mex_create_enum         0000000180028030 f   sfc_mex:sfc_mex.obj
 0001:000270a0       sf_mex_get_enum_element    00000001800280a0 f   sfc_mex:sfc_mex.obj
 0001:000270b0       sf_mex_createcellarray     00000001800280b0 f   sfc_mex:sfc_mex.obj
 0001:000270c0       sf_mex_setcell             00000001800280c0 f   sfc_mex:sfc_mex.obj
 0001:000270d0       sf_mex_getcell             00000001800280d0 f   sfc_mex:sfc_mex.obj
 0001:000270e0       sf_mex_dup                 00000001800280e0 f   sfc_mex:sfc_mex.obj
 0001:00027100       sf_mex_assign              0000000180028100 f   sfc_mex:sfc_mex.obj
 0001:00027180       sf_mex_destroy             0000000180028180 f   sfc_mex:sfc_mex.obj
 0001:000271b0       mx_array_has_fi_type       00000001800281b0 f   sfc_mex:sfc_mex.obj
 0001:000271e0       sf_mex_convert_from_fi     00000001800281e0 f   sfc_mex:sfc_mex.obj
 0001:000273c0       sf_mex_convert_to_double   00000001800283c0 f   sfc_mex:sfc_mex.obj
 0001:000274d0       sf_mex_import_fi_vs        00000001800284d0 f   sfc_mex:sfc_mex.obj
 0001:000276e0       sf_matrix_matrix_index_ok  00000001800286e0 f   sfc_mex:sfc_mex.obj
 0001:00027770       sf_vector_vector_index_ok  0000000180028770 f   sfc_mex:sfc_mex.obj
 0001:000277a0       ssGetCurrentInputPortDimensions_wrapper 00000001800287a0 f   sfc_mex:sfc_mex.obj
 0001:000277c0       ssGetCurrentOutputPortDimensions_wrapper 00000001800287c0 f   sfc_mex:sfc_mex.obj
 0001:000277e0       sf_mex_emlrt_context_is_debug_mode 00000001800287e0 f   sfc_mex:sfc_mex.obj
 0001:000277f0       sf_mex_emlrt_context_set_debug_mode 00000001800287f0 f   sfc_mex:sfc_mex.obj
 0001:00027800       sf_mex_emlrtNameCapturePostProcessR2012a 0000000180028800 f   sfc_mex:sfc_mex.obj
 0001:00027870       sf_clear_error_manager_info 0000000180028870 f   sfc_mex:sfc_mex.obj
 0001:000278d0       sf_mex_stop_simulation_abruptly_wo_error 00000001800288d0 f   sfc_mex:sfc_mex.obj
 0001:00027910       sf_mex_error_message       0000000180028910 f   sfc_mex:sfc_mex.obj
 0001:00027980       sf_react_to_error_in_matlab_call 0000000180028980 f   sfc_mex:sfc_mex.obj
 0001:000279b0       sf_mex_addfield            00000001800289b0 f   sfc_mex:sfc_mex.obj
 0001:00027a50       sf_mex_getfield            0000000180028a50 f   sfc_mex:sfc_mex.obj
 0001:00027dc0       sf_mex_check_class         0000000180028dc0 f   sfc_mex:sfc_mex.obj
 0001:00027eb0       sf_mex_is_real             0000000180028eb0 f   sfc_mex:sfc_mex.obj
 0001:00028660       sf_mex_decode_encoded_mx_cell_array 0000000180029660 f   sfc_mex:sfc_mex.obj
 0001:000288d0       sf_mex_decode_encoded_mx_struct_array 00000001800298d0 f   sfc_mex:sfc_mex.obj
 0001:00028ba0       lw_bounds_error            0000000180029ba0 f   sfc_mex:sfc_mex.obj
 0001:00028bb0       sf_mex_lw_bounds_check     0000000180029bb0 f   sfc_mex:sfc_mex.obj
 0001:00028be0       sf_mex_lw_bounds_check_int64 0000000180029be0 f   sfc_mex:sfc_mex.obj
 0001:00028c20       sf_mex_lw_size_eq_check_1d 0000000180029c20 f   sfc_mex:sfc_mex.obj
 0001:00028c40       sf_mex_lw_size_eq_check_nd 0000000180029c40 f   sfc_mex:sfc_mex.obj
 0001:00028e20       sf_mex_lw_dim_size_eq_check 0000000180029e20 f   sfc_mex:sfc_mex.obj
 0001:00028e50       sf_mex_lw_dim_size_geq_check 0000000180029e50 f   sfc_mex:sfc_mex.obj
 0001:00028e80       sf_mex_lw_sub_assign_size_check_nd 0000000180029e80 f   sfc_mex:sfc_mex.obj
 0001:00029030       sf_mex_lw_runtime_error_msgid 000000018002a030 f   sfc_mex:sfc_mex.obj
 0001:00029120       sf_mex_lw_matrix_matrix_index_check 000000018002a120 f   sfc_mex:sfc_mex.obj
 0001:00029140       sf_mex_lw_vector_vector_index_check 000000018002a140 f   sfc_mex:sfc_mex.obj
 0001:00029180       sf_mex_lw_for_loop_vector_check 000000018002a180 f   sfc_mex:sfc_mex.obj
 0001:00029200       sf_mex_lw_non_negative_check 000000018002a200 f   sfc_mex:sfc_mex.obj
 0001:00029240       sf_mex_overflow_error      000000018002a240 f   sfc_mex:sfc_mex.obj
 0001:00029250       sf_mex_dividebyzero_error  000000018002a250 f   sfc_mex:sfc_mex.obj
 0001:00029260       sf_mex_unsafe_enum_error   000000018002a260 f   sfc_mex:sfc_mex.obj
 0001:00029270       sf_emlrtErrHandler         000000018002a270 f   sfc_mex:sfc_mex.obj
 0001:00029330       sf_mex_size_one_check      000000018002a330 f   sfc_mex:sfc_mex.obj
 0001:00029350       sf_mex_printf              000000018002a350 f   sfc_mex:sfc_mex.obj
 0001:000295a0       sf_mex_check_size          000000018002a5a0 f   sfc_mex:sfc_mex.obj
 0001:000298e0       sf_mex_check_struct        000000018002a8e0 f   sfc_mex:sfc_mex.obj
 0001:00029b00       sf_mex_check_struct_vs     000000018002ab00 f   sfc_mex:sfc_mex.obj
 0001:00029b90       sf_mex_check_fi            000000018002ab90 f   sfc_mex:sfc_mex.obj
 0001:00029d20       sf_mex_check_fi_vs         000000018002ad20 f   sfc_mex:sfc_mex.obj
 0001:00029dc0       sf_echo_expression         000000018002adc0 f   sfc_mex:sfc_mex.obj
 0001:00029e20       sf_assertion_failed        000000018002ae20 f   sfc_mex:sfc_mex.obj
 0001:0002a0f0       sf_mex_evalin              000000018002b0f0 f   sfc_mex:sfc_mex.obj
 0001:0002a440       sf_mex_export              000000018002b440 f   sfc_mex:sfc_mex.obj
 0001:0002a500       sf_mex_get_ml_var_no_error 000000018002b500 f   sfc_mex:sfc_mex.obj
 0001:0002a740       sf_mex_get_ml_var          000000018002b740 f   sfc_mex:sfc_mex.obj
 0001:0002ac40       ml_set_element_value_in_array 000000018002bc40 f   sfc_mex:sfc_mex.obj
 0001:0002c5b0       sf_mex_call_impl           000000018002d5b0 f   sfc_mex:sfc_mex.obj
 0001:0002c9d0       sf_mex_call_debug          000000018002d9d0 f   sfc_mex:sfc_mex.obj
 0001:0002ca00       sf_mex_call                000000018002da00 f   sfc_mex:sfc_mex.obj
 0001:0002d110       sf_mex_createstruct        000000018002e110 f   sfc_mex:sfc_mex.obj
 0001:0002d200       sf_mex_createstructarray   000000018002e200 f   sfc_mex:sfc_mex.obj
 0001:0002d280       sf_mex_get_mx_datatype_from_sf_datatype 000000018002e280 f   sfc_mex:sfc_mex.obj
 0001:0002d590       sf_mex_ml_var_sub          000000018002e590 f   sfc_mex:sfc_mex.obj
 0001:0002d7a0       sf_mex_ml_var_subsasgn     000000018002e7a0 f   sfc_mex:sfc_mex.obj
 0001:0002db60       sf_mex_sub                 000000018002eb60 f   sfc_mex:sfc_mex.obj
 0001:0002dda0       sf_mex_subsasgn            000000018002eda0 f   sfc_mex:sfc_mex.obj
 0001:0002e210       sf_mex_create              000000018002f210 f   sfc_mex:sfc_mex.obj
 0001:0002eb80       sf_mex_import_named        000000018002fb80 f   sfc_mex:sfc_mex.obj
 0001:0002ebe0       sf_mex_import              000000018002fbe0 f   sfc_mex:sfc_mex.obj
 0001:0002ec30       sf_mex_import_vs           000000018002fc30 f   sfc_mex:sfc_mex.obj
 0001:0002ed40       sf_mex_lower_fixpt_mx_array 000000018002fd40 f   sfc_mex:sfc_mex.obj
 0001:0002f070       sf_debug_chart_instance_initialized_quick 0000000180030070 f   sfc_debug:sfcdebug.obj
 0001:0002f0f0       sf_debug_disp              00000001800300f0 f   sfc_debug:sfcdebug.obj
 0001:0002f380       sf_debug_data_runtime_size_mismatch_error_check 0000000180030380 f   sfc_debug:sfcdebug.obj
 0001:0002f430       sf_debug_try_loading_machine 0000000180030430 f   sfc_debug:sfcdebug.obj
 0001:0002f530       sf_debug_reset_current_state_configuration 0000000180030530 f   sfc_debug:sfcdebug.obj
 0001:0002f5b0       sf_debug_store_current_state_configuration 00000001800305b0 f   sfc_debug:sfcdebug.obj
 0001:0002f630       sf_debug_restore_previous_state_configuration 0000000180030630 f   sfc_debug:sfcdebug.obj
 0001:0002f6b0       sf_debug_restore_previous_state_configuration2 00000001800306b0 f   sfc_debug:sfcdebug.obj
 0001:0002f730       sf_debug_get_event_scope   0000000180030730 f   sfc_debug:sfcdebug.obj
 0001:0002f8a0       use_debugger_step_animation 00000001800308a0 f   sfc_debug:sfcdebug.obj
 0001:0002f8c0       sf_debug_get_script_id     00000001800308c0 f   sfc_debug:sfcdebug.obj
 0001:0002f950       sf_debug_set_script_translation 0000000180030950 f   sfc_debug:sfcdebug.obj
 0001:0002fae0       sf_debug_extract_message_post_receive_info 0000000180030ae0 f   sfc_debug:sfcdebug.obj
 0001:0002fd30       sf_debug_get_current_machine_id 0000000180030d30 f   sfc_debug:sfcdebug.obj
 0001:0002fd50       sf_debug_get_current_optional_integer 0000000180030d50 f   sfc_debug:sfcdebug.obj
 0001:0002fd60       sf_debug_get_current_machine_number 0000000180030d60 f   sfc_debug:sfcdebug.obj
 0001:0002fd80       sf_debug_get_current_machine_name 0000000180030d80 f   sfc_debug:sfcdebug.obj
 0001:0002fda0       sf_debug_get_current_chart_id 0000000180030da0 f   sfc_debug:sfcdebug.obj
 0001:0002fde0       sf_debug_get_current_chart_number 0000000180030de0 f   sfc_debug:sfcdebug.obj
 0001:0002fdf0       sf_debug_get_current_instance_number 0000000180030df0 f   sfc_debug:sfcdebug.obj
 0001:0002fe00       sf_debug_get_current_is_minor_time_step 0000000180030e00 f   sfc_debug:sfcdebug.obj
 0001:0002fe80       sf_debug_get_current_object_type 0000000180030e80 f   sfc_debug:sfcdebug.obj
 0001:0002fe90       sf_debug_get_current_instance_handle 0000000180030e90 f   sfc_debug:sfcdebug.obj
 0001:0002fef0       sf_debug_get_current_event_type 0000000180030ef0 f   sfc_debug:sfcdebug.obj
 0001:0002ff00       sf_debug_get_current_object_id 0000000180030f00 f   sfc_debug:sfcdebug.obj
 0001:0002ff40       sf_debug_get_current_active_event_type 0000000180030f40 f   sfc_debug:sfcdebug.obj
 0001:0002ff50       sf_debug_get_current_active_event_id 0000000180030f50 f   sfc_debug:sfcdebug.obj
 0001:0002ff90       sf_debug_get_current_tag_type 0000000180030f90 f   sfc_debug:sfcdebug.obj
 0001:0002ffa0       sf_debug_get_current_simulation_time 0000000180030fa0 f   sfc_debug:sfcdebug.obj
 0001:0002ffb0       sf_debug_current_statement_context 0000000180030fb0 f   sfc_debug:sfcdebug.obj
 0001:00030290       sf_debug_assertion_failed  0000000180031290 f   sfc_debug:sfcdebug.obj
 0001:00030440       sf_debug_create_debug_instance_struct 0000000180031440 f   sfc_debug:sfcdebug.obj
 0001:00030490       sf_debug_set_number_of_data_with_change_event_for_machine 0000000180031490 f   sfc_debug:sfcdebug.obj
 0001:000304e0       sf_debug_set_machine_event_thresholds 00000001800314e0 f   sfc_debug:sfcdebug.obj
 0001:00030500       sf_debug_set_machine_event_scope 0000000180031500 f   sfc_debug:sfcdebug.obj
 0001:00030550       sf_debug_set_machine_data_thresholds 0000000180031550 f   sfc_debug:sfcdebug.obj
 0001:000305a0       sf_debug_set_machine_data_scope 00000001800315a0 f   sfc_debug:sfcdebug.obj
 0001:00030640       sf_debug_set_machine_data_name 0000000180031640 f   sfc_debug:sfcdebug.obj
 0001:000306f0       sf_debug_set_machine_data_size 00000001800316f0 f   sfc_debug:sfcdebug.obj
 0001:00030840       sf_debug_set_machine_data_type 0000000180031840 f   sfc_debug:sfcdebug.obj
 0001:000309b0       sf_debug_get_chart_data_number 00000001800319b0 f   sfc_debug:sfcdebug.obj
 0001:000309d0       sf_debug_get_chart_event_number 00000001800319d0 f   sfc_debug:sfcdebug.obj
 0001:000309f0       sf_debug_set_chart_state_info 00000001800319f0 f   sfc_debug:sfcdebug.obj
 0001:00030a80       sf_debug_set_chart_decomposition 0000000180031a80 f   sfc_debug:sfcdebug.obj
 0001:00030af0       sf_debug_set_chart_substate_count 0000000180031af0 f   sfc_debug:sfcdebug.obj
 0001:00030bd0       sf_debug_set_chart_substate_index 0000000180031bd0 f   sfc_debug:sfcdebug.obj
 0001:00030c50       sf_debug_set_chart_state_substate_count 0000000180031c50 f   sfc_debug:sfcdebug.obj
 0001:00030d70       sf_debug_set_chart_state_substate_index 0000000180031d70 f   sfc_debug:sfcdebug.obj
 0001:00030e00       sf_debug_set_number_of_data_with_change_event_for_chart 0000000180031e00 f   sfc_debug:sfcdebug.obj
 0001:00030e90       sf_debug_set_number_of_states_with_entry_event_for_chart 0000000180031e90 f   sfc_debug:sfcdebug.obj
 0001:00030f10       sf_debug_set_number_of_states_with_exit_event_for_chart 0000000180031f10 f   sfc_debug:sfcdebug.obj
 0001:00030f90       sf_debug_set_chart_disable_implicit_casting 0000000180031f90 f   sfc_debug:sfcdebug.obj
 0001:00031000       sf_debug_set_chart_event_thresholds 0000000180032000 f   sfc_debug:sfcdebug.obj
 0001:00031080       sf_debug_set_chart_data_compiled_props 0000000180032080 f   sfc_debug:sfcdebug.obj
 0001:000313c0       sf_debug_set_chart_data_props 00000001800323c0 f   sfc_debug:sfcdebug.obj
 0001:000316e0       sf_debug_check_fi_license  00000001800326e0 f   sfc_debug:sfcdebug.obj
 0001:00031890       sf_debug_symbol_scope_push 0000000180032890 f   sfc_debug:sfcdebug.obj
 0001:000318d0       sf_debug_symbol_scope_push_eml 00000001800328d0 f   sfc_debug:sfcdebug.obj
 0001:00031920       sf_debug_symbol_scope_pop  0000000180032920 f   sfc_debug:sfcdebug.obj
 0001:00031960       sf_debug_symbol_scope_add_importable 0000000180032960 f   sfc_debug:sfcdebug.obj
 0001:000319e0       sf_debug_symbol_scope_add  00000001800329e0 f   sfc_debug:sfcdebug.obj
 0001:00031a60       sf_debug_symbol_scope_add_dyn_importable 0000000180032a60 f   sfc_debug:sfcdebug.obj
 0001:00031b20       sf_debug_symbol_scope_add_dyn 0000000180032b20 f   sfc_debug:sfcdebug.obj
 0001:00031b60       sf_debug_symbol_scope_add_eml_importable 0000000180032b60 f   sfc_debug:sfcdebug.obj
 0001:00031ba0       sf_debug_symbol_scope_add_eml 0000000180032ba0 f   sfc_debug:sfcdebug.obj
 0001:00031be0       sf_debug_symbol_scope_add_eml_dyn_importable 0000000180032be0 f   sfc_debug:sfcdebug.obj
 0001:00031c40       sf_debug_symbol_scope_add_eml_dyn 0000000180032c40 f   sfc_debug:sfcdebug.obj
 0001:00031ca0       sf_debug_symbol_switch     0000000180032ca0 f   sfc_debug:sfcdebug.obj
 0001:00031cc0       sf_debug_symbol_scope_add_verbose 0000000180032cc0 f   sfc_debug:sfcdebug.obj
 0001:00031d90       sf_debug_set_machine_data_value_ptr 0000000180032d90 f   sfc_debug:sfcdebug.obj
 0001:00031dd0       sf_debug_set_instance_data_value_ptr 0000000180032dd0 f   sfc_debug:sfcdebug.obj
 0001:00031ea0       sf_debug_unset_instance_data_value_ptr 0000000180032ea0 f   sfc_debug:sfcdebug.obj
 0001:00031f50       sf_debug_set_chart_event_scope 0000000180032f50 f   sfc_debug:sfcdebug.obj
 0001:00032170       sf_debug_unload_machine    0000000180033170 f   sfc_debug:sfcdebug.obj
 0001:000321c0       sf_debug_load_machine      00000001800331c0 f   sfc_debug:sfcdebug.obj
 0001:000322d0       sf_debug_set_active_instance_in_data_dictionary 00000001800332d0 f   sfc_debug:sfcdebug.obj
 0001:000324b0       sf_debug_set_active_instance 00000001800334b0 f   sfc_debug:sfcdebug.obj
 0001:00032610       sf_debug_chart_visiblity_change 0000000180033610 f   sfc_debug:sfcdebug.obj
 0001:00032700       sf_debug_select_chart      0000000180033700 f   sfc_debug:sfcdebug.obj
 0001:00032860       sf_debug_set_instance_cv_ids 0000000180033860 f   sfc_debug:sfcdebug.obj
 0001:00032b20       sf_debug_select_charts     0000000180033b20 f   sfc_debug:sfcdebug.obj
 0001:00032cd0       sf_debug_initialized       0000000180033cd0 f   sfc_debug:sfcdebug.obj
 0001:00032cf0       sf_debug_initialize_debugger_gui 0000000180033cf0 f   sfc_debug:sfcdebug.obj
 0001:000330d0       sf_debug_resume            00000001800340d0 f   sfc_debug:sfcdebug.obj
 0001:000330f0       sf_debug_go                00000001800340f0 f   sfc_debug:sfcdebug.obj
 0001:00033100       sf_debug_break             0000000180034100 f   sfc_debug:sfcdebug.obj
 0001:00033110       sf_debug_step_over         0000000180034110 f   sfc_debug:sfcdebug.obj
 0001:00033120       sf_debug_step_out          0000000180034120 f   sfc_debug:sfcdebug.obj
 0001:00033130       sf_debug_set_disable_all_breakpoints 0000000180034130 f   sfc_debug:sfcdebug.obj
 0001:00033140       sf_debug_disable_all_breakpoints_and_go 0000000180034140 f   sfc_debug:sfcdebug.obj
 0001:00033150       sf_debug_break_on_chart_entry 0000000180034150 f   sfc_debug:sfcdebug.obj
 0001:00033160       sf_debug_break_on_event_broadcast 0000000180034160 f   sfc_debug:sfcdebug.obj
 0001:00033170       sf_debug_break_on_state_entry 0000000180034170 f   sfc_debug:sfcdebug.obj
 0001:00033180       sf_debug_break_between_times 0000000180034180 f   sfc_debug:sfcdebug.obj
 0001:000331a0       sf_debug_browse_data       00000001800341a0 f   sfc_debug:sfcdebug.obj
 0001:000331b0       sf_debug_watch_data        00000001800341b0 f   sfc_debug:sfcdebug.obj
 0001:000331e0       sf_debug_assign_data       00000001800341e0 f   sfc_debug:sfcdebug.obj
 0001:000331f0       sf_debug_whos              00000001800341f0 f   sfc_debug:sfcdebug.obj
 0001:00033210       sf_debug_get_consistency_info 0000000180034210 f   sfc_debug:sfcdebug.obj
 0001:00033220       sf_debug_browse_trace      0000000180034220 f   sfc_debug:sfcdebug.obj
 0001:00033230       sf_debug_set_breakpoints   0000000180034230 f   sfc_debug:sfcdebug.obj
 0001:00033390       sf_debug_set_eml_breakpoints 0000000180034390 f   sfc_debug:sfcdebug.obj
 0001:000334f0       sf_debug_set_script_breakpoints 00000001800344f0 f   sfc_debug:sfcdebug.obj
 0001:00033570       sf_debug_add_script_breakpoints 0000000180034570 f   sfc_debug:sfcdebug.obj
 0001:000335e0       sf_debug_clear_script_breakpoints 00000001800345e0 f   sfc_debug:sfcdebug.obj
 0001:00033650       sf_debug_query_script_breakpoints 0000000180034650 f   sfc_debug:sfcdebug.obj
 0001:00033700       sf_debug_get_eml_script_id 0000000180034700 f   sfc_debug:sfcdebug.obj
 0001:00033750       sf_debug_set_watch         0000000180034750 f   sfc_debug:sfcdebug.obj
 0001:00033970       sf_debug_get_instance_handle 0000000180034970 f   sfc_debug:sfcdebug.obj
 0001:00033a00       sf_debug_get_active_states 0000000180034a00 f   sfc_debug:sfcdebug.obj
 0001:00033a10       sf_debug_set_honor_breakpoints 0000000180034a10 f   sfc_debug:sfcdebug.obj
 0001:00033a20       sf_debug_get_animation     0000000180034a20 f   sfc_debug:sfcdebug.obj
 0001:00033a30       sf_debug_set_animation     0000000180034a30 f   sfc_debug:sfcdebug.obj
 0001:00033a40       sf_debug_animate           0000000180034a40 f   sfc_debug:sfcdebug.obj
 0001:00033a60       sf_debug_cycle_detection_check 0000000180034a60 f   sfc_debug:sfcdebug.obj
 0001:00033a70       sf_debug_data_range_check  0000000180034a70 f   sfc_debug:sfcdebug.obj
 0001:00033a80       sf_debug_transition_conflict_check 0000000180034a80 f   sfc_debug:sfcdebug.obj
 0001:00033a90       sf_debug_state_consistency_check 0000000180034a90 f   sfc_debug:sfcdebug.obj
 0001:00033aa0       sf_debug_data_range_check_enabled 0000000180034aa0 f   sfc_debug:sfcdebug.obj
 0001:00033ac0       sf_debug_transition_conflict_check_enabled 0000000180034ac0 f   sfc_debug:sfcdebug.obj
 0001:00033ae0       sf_debug_transition_conflict_check_begin 0000000180034ae0 f   sfc_debug:sfcdebug.obj
 0001:00033b00       sf_debug_transition_conflict_check_end 0000000180034b00 f   sfc_debug:sfcdebug.obj
 0001:00033b20       sf_debug_stop_debugging    0000000180034b20 f   sfc_debug:sfcdebug.obj
 0001:00033b50       sf_debug_is_cycle_detected 0000000180034b50 f   sfc_debug:sfcdebug.obj
 0001:00033b60       sf_debug_is_array_bounds_detected 0000000180034b60 f   sfc_debug:sfcdebug.obj
 0001:00033d00       sf_debug_get_script_index  0000000180034d00 f   sfc_debug:sfcdebug.obj
 0001:00033e90       sf_debug_add_script        0000000180034e90 f   sfc_debug:sfcdebug.obj
 0001:00034020       cv_eval_point              0000000180035020 f   sfc_debug:sfcdebug.obj
 0001:00034180       cv_eval_testobjective      0000000180035180 f   sfc_debug:sfcdebug.obj
 0001:00034290       sf_debug_cv_init_state     0000000180035290 f   sfc_debug:sfcdebug.obj
 0001:000343c0       sf_debug_cv_init_chart     00000001800353c0 f   sfc_debug:sfcdebug.obj
 0001:000344b0       sf_debug_cv_init_trans     00000001800354b0 f   sfc_debug:sfcdebug.obj
 0001:000345c0       sf_debug_cv_init_saturation 00000001800355c0 f   sfc_debug:sfcdebug.obj
 0001:000346c0       sf_debug_cv_init_relationalop 00000001800356c0 f   sfc_debug:sfcdebug.obj
 0001:000347e0       sf_debug_cv_init_testobjectives 00000001800357e0 f   sfc_debug:sfcdebug.obj
 0001:000349c0       cv_eml_init_script         00000001800359c0 f   sfc_debug:sfcdebug.obj
 0001:00034ae0       cv_eml_init_fcn            0000000180035ae0 f   sfc_debug:sfcdebug.obj
 0001:00034bf0       cv_eml_init_testobjective  0000000180035bf0 f   sfc_debug:sfcdebug.obj
 0001:00034cd0       cv_eml_init_saturation     0000000180035cd0 f   sfc_debug:sfcdebug.obj
 0001:00034da0       cv_eml_init_if             0000000180035da0 f   sfc_debug:sfcdebug.obj
 0001:00034e80       cv_eml_init_for            0000000180035e80 f   sfc_debug:sfcdebug.obj
 0001:00034f50       cv_eml_init_while          0000000180035f50 f   sfc_debug:sfcdebug.obj
 0001:00035020       cv_eml_init_mcdc           0000000180036020 f   sfc_debug:sfcdebug.obj
 0001:00035140       cv_eml_init_relational     0000000180036140 f   sfc_debug:sfcdebug.obj
 0001:00035210       cv_eml_init_switch         0000000180036210 f   sfc_debug:sfcdebug.obj
 0001:00035310       cv_eml_eval                0000000180036310 f   sfc_debug:sfcdebug.obj
 0001:00035400       sf_debug_bm_is_a_eml_breakpoint 0000000180036400 f   sfc_debug:sfcdebug.obj
 0001:00035550       sf_debug_temporal_threshold 0000000180036550 f   sfc_debug:sfcdebug.obj
 0001:000358c0       sf_debug_transition_conflict_error 00000001800368c0 f   sfc_debug:sfcdebug.obj
 0001:00035c20       sf_debug_state_inconsistency_error 0000000180036c20 f   sfc_debug:sfcdebug.obj
 0001:00035d40       sf_debug_check_for_state_inconsistency 0000000180036d40 f   sfc_debug:sfcdebug.obj
 0001:00035d80       sf_debug_cycle_detecton_error 0000000180036d80 f   sfc_debug:sfcdebug.obj
 0001:000364b0       sf_debug_size_eq_check_1d  00000001800374b0 f   sfc_debug:sfcdebug.obj
 0001:000364d0       sf_debug_size_eq_check_nd  00000001800374d0 f   sfc_debug:sfcdebug.obj
 0001:000366b0       sf_debug_dim_size_eq_check 00000001800376b0 f   sfc_debug:sfcdebug.obj
 0001:000366e0       sf_debug_dim_size_geq_check 00000001800376e0 f   sfc_debug:sfcdebug.obj
 0001:00036710       sf_debug_sub_assign_size_check_nd 0000000180037710 f   sfc_debug:sfcdebug.obj
 0001:000368e0       sf_debug_matrix_matrix_index_check 00000001800378e0 f   sfc_debug:sfcdebug.obj
 0001:00036930       sf_debug_vector_vector_index_check 0000000180037930 f   sfc_debug:sfcdebug.obj
 0001:00036980       sf_debug_for_loop_vector_check 0000000180037980 f   sfc_debug:sfcdebug.obj
 0001:00036a10       sf_debug_runtime_error_msgid 0000000180037a10 f   sfc_debug:sfcdebug.obj
 0001:00036a90       sf_debug_data_array_bounds_error_check 0000000180037a90 f   sfc_debug:sfcdebug.obj
 0001:00036bc0       sf_debug_eml_data_array_bounds_error_check_int64 0000000180037bc0 f   sfc_debug:sfcdebug.obj
 0001:00036d50       sf_debug_eml_data_array_bounds_error_check 0000000180037d50 f   sfc_debug:sfcdebug.obj
 0001:00037220       sf_debug_integer_check     0000000180038220 f   sfc_debug:sfcdebug.obj
 0001:00037310       sf_debug_not_nan_check     0000000180038310 f   sfc_debug:sfcdebug.obj
 0001:000373e0       sf_debug_non_negative_check 00000001800383e0 f   sfc_debug:sfcdebug.obj
 0001:000374b0       sf_debug_overflow_detection 00000001800384b0 f   sfc_debug:sfcdebug.obj
 0001:00037b10       sf_debug_cast_to_real32_T  0000000180038b10 f   sfc_debug:sfcdebug.obj
 0001:00037be0       sf_debug_cast_to_int8_T    0000000180038be0 f   sfc_debug:sfcdebug.obj
 0001:00037cb0       sf_debug_cast_to_uint8_T   0000000180038cb0 f   sfc_debug:sfcdebug.obj
 0001:00037d80       sf_debug_cast_to_int16_T   0000000180038d80 f   sfc_debug:sfcdebug.obj
 0001:00037e50       sf_debug_cast_to_uint16_T  0000000180038e50 f   sfc_debug:sfcdebug.obj
 0001:00037f20       sf_debug_cast_to_int32_T   0000000180038f20 f   sfc_debug:sfcdebug.obj
 0001:00037ff0       sf_debug_cast_to_uint32_T  0000000180038ff0 f   sfc_debug:sfcdebug.obj
 0001:000380c0       sf_debug_data_range_error  00000001800390c0 f   sfc_debug:sfcdebug.obj
 0001:000383d0       sf_debug_read_before_write_check 00000001800393d0 f   sfc_debug:sfcdebug.obj
 0001:00038800       sf_debug_data_range_error_wrapper_min_max 0000000180039800 f   sfc_debug:sfcdebug.obj
 0001:00038920       sf_debug_data_range_error_wrapper_min 0000000180039920 f   sfc_debug:sfcdebug.obj
 0001:00038a30       sf_debug_data_range_error_wrapper_max 0000000180039a30 f   sfc_debug:sfcdebug.obj
 0001:00038b40       sf_debug_data_range_wrapper 0000000180039b40 f   sfc_debug:sfcdebug.obj
 0001:00038c00       sf_debug_set_current_status_info 0000000180039c00 f   sfc_debug:sfcdebug.obj
 0001:00038e20       sf_debug_register_message_post_receive_info 0000000180039e20 f   sfc_debug:sfcdebug.obj
 0001:00039070       sf_debug_call              000000018003a070 f   sfc_debug:sfcdebug.obj
 0001:00039960       sf_debug_initialize_machine 000000018003a960 f   sfc_debug:sfcdebug.obj
 0001:00039c00       sf_debug_initialize_chart  000000018003ac00 f   sfc_debug:sfcdebug.obj
 0001:0003a140       sf_debug_ensure_script     000000018003b140 f   sfc_debug:sfcdebug.obj
 0001:0003a1f0       cv_eval_saturation         000000018003b1f0 f   sfc_debug:sfcdebug.obj
 0001:0003a390       cv_saturation_accum        000000018003b390 f   sfc_debug:sfcdebug.obj
 0001:0003a4d0       cv_eval_relational         000000018003b4d0 f   sfc_debug:sfcdebug.obj
 0001:0003a640       cv_script_init_script      000000018003b640 f   sfc_debug:sfcdebug.obj
 0001:0003a730       cv_script_init_fcn         000000018003b730 f   sfc_debug:sfcdebug.obj
 0001:0003a7f0       cv_script_init_testobjective 000000018003b7f0 f   sfc_debug:sfcdebug.obj
 0001:0003a8b0       cv_script_init_saturation  000000018003b8b0 f   sfc_debug:sfcdebug.obj
 0001:0003a960       cv_script_init_if          000000018003b960 f   sfc_debug:sfcdebug.obj
 0001:0003aa20       cv_script_init_for         000000018003ba20 f   sfc_debug:sfcdebug.obj
 0001:0003aad0       cv_script_init_while       000000018003bad0 f   sfc_debug:sfcdebug.obj
 0001:0003ab80       cv_script_init_mcdc        000000018003bb80 f   sfc_debug:sfcdebug.obj
 0001:0003ac80       cv_script_init_relational  000000018003bc80 f   sfc_debug:sfcdebug.obj
 0001:0003ad40       cv_script_init_switch      000000018003bd40 f   sfc_debug:sfcdebug.obj
 0001:0003ae20       cv_script_eval             000000018003be20 f   sfc_debug:sfcdebug.obj
 0001:0003aef0       eml_debug_line_call        000000018003bef0 f   sfc_debug:sfcdebug.obj
 0001:0003b0c0       sf_debug_terminate         000000018003c0c0 f   sfc_debug:sfcdebug.obj
 0001:0003b2d0       sf_debug_set_script_cv_ids 000000018003c2d0 f   sfc_debug:sfcdebug.obj
 0001:0003b400       sf_debug_api               000000018003c400 f   sfc_debug:sfc_api.obj
 0001:0003cbc0       sf_debug_sm_terminate      000000018003dbc0 f   sfc_debug:sfdb_animation.obj
 0001:0003cd70       sf_debug_reset_path_objects 000000018003dd70 f   sfc_debug:sfdb_animation.obj
 0001:0003cdf0       sf_debug_sm_reset_object_selection_status 000000018003ddf0 f   sfc_debug:sfdb_animation.obj
 0001:0003ce90       sf_debug_sm_reset_state_buffer 000000018003de90 f   sfc_debug:sfdb_animation.obj
 0001:0003cf60       sf_debug_sm_store_state_buffer 000000018003df60 f   sfc_debug:sfdb_animation.obj
 0001:0003cfe0       sf_debug_sm_restore_state_buffer1 000000018003dfe0 f   sfc_debug:sfdb_animation.obj
 0001:0003d050       sf_debug_sm_restore_state_buffer2 000000018003e050 f   sfc_debug:sfdb_animation.obj
 0001:0003d0c0       sf_debug_sm_chart_active   000000018003e0c0 f   sfc_debug:sfdb_animation.obj
 0001:0003d110       sf_debug_sm_select_active_objects 000000018003e110 f   sfc_debug:sfdb_animation.obj
 0001:0003d5e0       sf_debug_sm_is_chart_active 000000018003e5e0 f   sfc_debug:sfdb_animation.obj
 0001:0003d620       sf_debug_sm_is_state_active 000000018003e620 f   sfc_debug:sfdb_animation.obj
 0001:0003d860       sf_debug_sm_get_active_states 000000018003e860 f   sfc_debug:sfdb_animation.obj
 0001:0003de10       sf_debug_sm_initialize_instance 000000018003ee10 f   sfc_debug:sfdb_animation.obj
 0001:0003e020       sf_debug_sm_change_object_selection_status 000000018003f020 f   sfc_debug:sfdb_animation.obj
 0001:0003e2f0       cv_create_interface        000000018003f2f0 f   sfc_debug:cv_sfinterface.obj
 0001:0003e600       cv_init_trans              000000018003f600 f   sfc_debug:cv_sfinterface.obj
 0001:0003e650       cv_init_saturation         000000018003f650 f   sfc_debug:cv_sfinterface.obj
 0001:0003e690       cv_init_relationalop       000000018003f690 f   sfc_debug:cv_sfinterface.obj
 0001:0003e6e0       cv_init_testobjective      000000018003f6e0 f   sfc_debug:cv_sfinterface.obj
 0001:0003e720       cv_init_state              000000018003f720 f   sfc_debug:cv_sfinterface.obj
 0001:0003e790       cv_init_chart              000000018003f790 f   sfc_debug:cv_sfinterface.obj
 0001:0003e7e0       cv_dec_update_call         000000018003f7e0 f   sfc_debug:cv_sfinterface.obj
 0001:0003e820       cv_cond_update_call        000000018003f820 f   sfc_debug:cv_sfinterface.obj
 0001:0003e860       cv_saturation_update_call  000000018003f860 f   sfc_debug:cv_sfinterface.obj
 0001:0003e8a0       cv_saturation_update_accum 000000018003f8a0 f   sfc_debug:cv_sfinterface.obj
 0001:0003e8e0       cv_testobjective_update_call 000000018003f8e0 f   sfc_debug:cv_sfinterface.obj
 0001:0003e920       cv_sigrange_update         000000018003f920 f   sfc_debug:cv_sfinterface.obj
 0001:0003e960       cvsf_eml_eval              000000018003f960 f   sfc_debug:cv_sfinterface.obj
 0001:0003ea40       cvsf_eval_relational       000000018003fa40 f   sfc_debug:cv_sfinterface.obj
 0001:0003ea90       cvsf_eml_init_script       000000018003fa90 f   sfc_debug:cv_sfinterface.obj
 0001:0003eb20       cvsf_eml_init_fcn          000000018003fb20 f   sfc_debug:cv_sfinterface.obj
 0001:0003eb80       cvsf_eml_init_testobjective 000000018003fb80 f   sfc_debug:cv_sfinterface.obj
 0001:0003ebe0       cvsf_eml_init_saturation   000000018003fbe0 f   sfc_debug:cv_sfinterface.obj
 0001:0003ec30       cvsf_eml_init_if           000000018003fc30 f   sfc_debug:cv_sfinterface.obj
 0001:0003ec90       cvsf_eml_init_for          000000018003fc90 f   sfc_debug:cv_sfinterface.obj
 0001:0003ece0       cvsf_eml_init_while        000000018003fce0 f   sfc_debug:cv_sfinterface.obj
 0001:0003ed30       cvsf_eml_init_mcdc         000000018003fd30 f   sfc_debug:cv_sfinterface.obj
 0001:0003edc0       cvsf_eml_init_relational   000000018003fdc0 f   sfc_debug:cv_sfinterface.obj
 0001:0003ee10       cvsf_eml_init_switch       000000018003fe10 f   sfc_debug:cv_sfinterface.obj
 0001:0003ee80       cvsf_script_eval           000000018003fe80 f   sfc_debug:cv_sfinterface.obj
 0001:0003ef60       cvsf_script_init_script    000000018003ff60 f   sfc_debug:cv_sfinterface.obj
 0001:0003eff0       cvsf_script_init_fcn       000000018003fff0 f   sfc_debug:cv_sfinterface.obj
 0001:0003f050       cvsf_script_init_testobjective 0000000180040050 f   sfc_debug:cv_sfinterface.obj
 0001:0003f0b0       cvsf_script_init_saturation 00000001800400b0 f   sfc_debug:cv_sfinterface.obj
 0001:0003f100       cvsf_script_init_if        0000000180040100 f   sfc_debug:cv_sfinterface.obj
 0001:0003f160       cvsf_script_init_for       0000000180040160 f   sfc_debug:cv_sfinterface.obj
 0001:0003f1b0       cvsf_script_init_while     00000001800401b0 f   sfc_debug:cv_sfinterface.obj
 0001:0003f200       cvsf_script_init_mcdc      0000000180040200 f   sfc_debug:cv_sfinterface.obj
 0001:0003f290       cvsf_script_init_relational 0000000180040290 f   sfc_debug:cv_sfinterface.obj
 0001:0003f2e0       cvsf_script_init_switch    00000001800402e0 f   sfc_debug:cv_sfinterface.obj
 0001:0003f350       cv_destroy_interface       0000000180040350 f   sfc_debug:cv_sfinterface.obj
 0001:0003f370       cv_create_instance_objects 0000000180040370 f   sfc_debug:cv_sfinterface.obj
 0001:0003f7e0       cv_is_enabled              00000001800407e0 f   sfc_debug:cv_sfinterface.obj
 0001:0003f7f0       sf_debug_cv_initialize_script 00000001800407f0 f   sfc_debug:cv_sfinterface.obj
 0001:0003f980       sf_debug_cv_initialize_instance 0000000180040980 f   sfc_debug:cv_sfinterface.obj
 0001:0003fd10       sf_debug_cv_terminate_chart 0000000180040d10 f   sfc_debug:cv_sfinterface.obj
 0001:0003fe30       sf_debug_st_initialize_machine 0000000180040e30 f   sfc_debug:sfdb_data_browse.obj
 0001:0003fee0       sf_debug_st_initialize_instance 0000000180040ee0 f   sfc_debug:sfdb_data_browse.obj
 0001:000400f0       sf_debug_st_terminate      00000001800410f0 f   sfc_debug:sfdb_data_browse.obj
 0001:00040490       sf_debug_st_set_data_value_ptr_in_machine 0000000180041490 f   sfc_debug:sfdb_data_browse.obj
 0001:00040520       sf_debug_st_set_data_value_ptr_in_instance 0000000180041520 f   sfc_debug:sfdb_data_browse.obj
 0001:00040600       sf_debug_st_unset_data_value_ptr_in_machine 0000000180041600 f   sfc_debug:sfdb_data_browse.obj
 0001:00040670       sf_debug_st_unset_data_value_ptr_in_instance 0000000180041670 f   sfc_debug:sfdb_data_browse.obj
 0001:00040930       sf_debug_mx_value          0000000180041930 f   sfc_debug:sfdb_data_browse.obj
 0001:00040990       sf_debug_mx_packed_vector  0000000180041990 f   sfc_debug:sfdb_data_browse.obj
 0001:00040a70       sf_debug_mx_uint_vector    0000000180041a70 f   sfc_debug:sfdb_data_browse.obj
 0001:00040b20       sf_debug_st_get_double_value_from_void_ptr_vector 0000000180041b20 f   sfc_debug:sfdb_data_browse.obj
 0001:000415f0       sf_debug_st_browse_data    00000001800425f0 f   sfc_debug:sfdb_data_browse.obj
 0001:00041e10       sf_debug_hm_initialize_instance 0000000180042e10 f   sfc_debug:sfdb_handle_management.obj
 0001:000422f0       sf_debug_hm_get_object_id  00000001800432f0 f   sfc_debug:sfdb_handle_management.obj
 0001:00042ea0       sf_debug_hm_update_chart_visibility 0000000180043ea0 f   sfc_debug:sfdb_handle_management.obj
 0001:00044020       sf_debug_object_is_eml_function 0000000180045020 f   sfc_debug:sfdb_handle_management.obj
 0001:00044090       sf_debug_hm_initialize_ids_in_machine 0000000180045090 f   sfc_debug:sfdb_handle_management.obj
 0001:00044200       sf_debug_hm_initialize_ids_in_chart 0000000180045200 f   sfc_debug:sfdb_handle_management.obj
 0001:00044300       sf_debug_hm_initialize_chart 0000000180045300 f   sfc_debug:sfdb_handle_management.obj
 0001:00044930       sf_debug_hm_terminate      0000000180045930 f   sfc_debug:sfdb_handle_management.obj
 0001:00044990       sf_debug_hm_initialize_machine 0000000180045990 f   sfc_debug:sfdb_handle_management.obj
 0001:000450b0       sf_debug_ss_initialize     00000001800460b0 f   sfc_debug:sfdb_symbol_scope.obj
 0001:000450d0       sf_debug_ss_terminate      00000001800460d0 f   sfc_debug:sfdb_symbol_scope.obj
 0001:00045160       sf_debug_ss_push_symbol_scope 0000000180046160 f   sfc_debug:sfdb_symbol_scope.obj
 0001:00045260       sf_debug_ss_push_symbol_scope_eml 0000000180046260 f   sfc_debug:sfdb_symbol_scope.obj
 0001:000452c0       sf_debug_ss_pop_symbol_scope 00000001800462c0 f   sfc_debug:sfdb_symbol_scope.obj
 0001:00045370       sf_debug_ss_add_symbol     0000000180046370 f   sfc_debug:sfdb_symbol_scope.obj
 0001:000454e0       sf_debug_ss_add_symbol_eml 00000001800464e0 f   sfc_debug:sfdb_symbol_scope.obj
 0001:000463e0       sf_debug_ss_set_data_value 00000001800473e0 f   sfc_debug:sfdb_symbol_scope.obj
 0001:000468f0       sf_debug_ss_watch_data     00000001800478f0 f   sfc_debug:sfdb_symbol_scope.obj
 0001:00046ad0       sf_debug_ss_assign_data    0000000180047ad0 f   sfc_debug:sfdb_symbol_scope.obj
 0001:000474a0       get_data_entry_name        00000001800484a0 f   sfc_debug:sfdb_symbol_scope.obj
 0001:000474f0       sf_debug_ss_whos           00000001800484f0 f   sfc_debug:sfdb_symbol_scope.obj
 0001:00047b50       sf_debug_bm_clear_script_breakpoints 0000000180048b50 f   sfc_debug:sfdb_breakpoints.obj
 0001:00047b80       sf_debug_bm_set_script_breakpoint 0000000180048b80 f   sfc_debug:sfdb_breakpoints.obj
 0001:00047c00       sf_debug_bm_clear_single_script_breakpoint 0000000180048c00 f   sfc_debug:sfdb_breakpoints.obj
 0001:00047c80       sf_debug_bm_query_script_breakpoint 0000000180048c80 f   sfc_debug:sfdb_breakpoints.obj
 0001:00047cd0       sf_debug_bm_initialize_scripts 0000000180048cd0 f   sfc_debug:sfdb_breakpoints.obj
 0001:00048360       sf_debug_bm_terminate      0000000180049360 f   sfc_debug:sfdb_breakpoints.obj
 0001:00048640       sf_debug_bm_remove_all_breakpoints_in_machine 0000000180049640 f   sfc_debug:sfdb_breakpoints.obj
 0001:000486a0       sf_debug_bm_remove_all_breakpoints_in_chart 00000001800496a0 f   sfc_debug:sfdb_breakpoints.obj
 0001:000487f0       sf_debug_bm_initialize_global_breakpoints 00000001800497f0 f   sfc_debug:sfdb_breakpoints.obj
 0001:00048970       sf_debug_bm_set_breakpoint 0000000180049970 f   sfc_debug:sfdb_breakpoints.obj
 0001:00048f60       sf_debug_bm_set_eml_breakpoint 0000000180049f60 f   sfc_debug:sfdb_breakpoints.obj
 0001:00048ff0       sf_debug_bm_initialize_machine_breakpoint_map 0000000180049ff0 f   sfc_debug:sfdb_breakpoints.obj
 0001:00049410       sf_debug_bm_is_a_breakpoint 000000018004a410 f   sfc_debug:sfdb_breakpoints.obj
 0001:00049940       sf_debug_bm_get_all_breakpoints_in_machine 000000018004a940 f   sfc_debug:sfdb_breakpoints.obj
 0001:00049c40       sf_debug_bm_get_all_breakpoints_in_chart 000000018004ac40 f   sfc_debug:sfdb_breakpoints.obj
 0001:0004a7c0       sf_debug_bm_initialize_machine 000000018004b7c0 f   sfc_debug:sfdb_breakpoints.obj
 0001:0004a890       sf_debug_bm_initialize_chart 000000018004b890 f   sfc_debug:sfdb_breakpoints.obj
 0001:0004ac80       sf_debug_sc_terminate      000000018004bc80 f   sfc_debug:sfdb_state_consistency.obj
 0001:0004afa0       sf_debug_sc_is_chart_consistent 000000018004bfa0 f   sfc_debug:sfdb_state_consistency.obj
 0001:0004b250       sf_debug_sc_get_consistency_error_info 000000018004c250 f   sfc_debug:sfdb_state_consistency.obj
 0001:0004b680       sf_debug_tm_terminate      000000018004c680 f   sfc_debug:sfdb_call_stack.obj
 0001:0004b730       sf_debug_tm_push_chart_instance 000000018004c730 f   sfc_debug:sfdb_call_stack.obj
 0001:0004b870       sf_debug_tm_pop_chart_instance 000000018004c870 f   sfc_debug:sfdb_call_stack.obj
 0001:0004b8d0       sf_debug_tm_push_trace_node 000000018004c8d0 f   sfc_debug:sfdb_call_stack.obj
 0001:0004ba50       sf_debug_tm_pop_trace_node 000000018004ca50 f   sfc_debug:sfdb_call_stack.obj
 0001:0004bad0       sf_debug_tm_get_current_global_trace_index 000000018004cad0 f   sfc_debug:sfdb_call_stack.obj
 0001:0004bae0       sf_debug_tm_get_current_local_trace_index 000000018004cae0 f   sfc_debug:sfdb_call_stack.obj
 0001:0004bb10       sf_debug_tm_set_cycle_detected_flag 000000018004cb10 f   sfc_debug:sfdb_call_stack.obj
 0001:0004bb50       sf_debug_tm_set_cycle_started_flag 000000018004cb50 f   sfc_debug:sfdb_call_stack.obj
 0001:0004bb90       sf_debug_tm_get_chart_number_from_stack 000000018004cb90 f   sfc_debug:sfdb_call_stack.obj
 0001:0004bdb0       sf_debug_tm_browse_trace   000000018004cdb0 f   sfc_debug:sfdb_call_stack.obj
 0001:0004c100       sf_debug_cd_initialize_instance 000000018004d100 f   sfc_debug:sfdb_cycle_detection.obj
 0001:0004c3b0       sf_debug_cd_mark_processed_transition_in_instance 000000018004d3b0 f   sfc_debug:sfdb_cycle_detection.obj
 0001:0004c450       sf_debug_cd_checksum_push  000000018004d450 f   sfc_debug:sfdb_cycle_detection.obj
 0001:0004c700       sf_debug_cd_checksum_pop   000000018004d700 f   sfc_debug:sfdb_cycle_detection.obj
 0001:0004c770       sf_debug_cd_turn_off_cycle_detection 000000018004d770 f   sfc_debug:sfdb_cycle_detection.obj
 0001:0004c7c0       sf_debug_cd_terminate      000000018004d7c0 f   sfc_debug:sfdb_cycle_detection.obj
 0001:0004c9f0       md5_initialize_state       000000018004d9f0 f   sfc_debug:ckmd5.obj
 0001:0004d440       md5_update_state           000000018004e440 f   sfc_debug:ckmd5.obj
 0001:0004d460       md5_get_hash               000000018004e460 f   sfc_debug:ckmd5.obj
 0001:0004d490       md5_get_hash_for_a_single_string 000000018004e490 f   sfc_debug:ckmd5.obj
 0001:0004d4f0       mxIsChar                   000000018004e4f0 f   libmx:libmx.dll
 0001:0004d4f6       mxGetPr                    000000018004e4f6 f   libmx:libmx.dll
 0001:0004d4fc       mxGetScalar                000000018004e4fc f   libmx:libmx.dll
 0001:0004d502       mxDestroyArray             000000018004e502 f   libmx:libmx.dll
 0001:0004d508       mxCreateDoubleMatrix_730   000000018004e508 f   libmx:libmx.dll
 0001:0004d50e       mxGetString_730            000000018004e50e f   libmx:libmx.dll
 0001:0004d514       mxDuplicateArray           000000018004e514 f   libmx:libmx.dll
 0001:0004d51a       mxSetField_730             000000018004e51a f   libmx:libmx.dll
 0001:0004d520       mxCreateDoubleScalar       000000018004e520 f   libmx:libmx.dll
 0001:0004d526       mxCreateString             000000018004e526 f   libmx:libmx.dll
 0001:0004d52c       mxCreateCellMatrix_730     000000018004e52c f   libmx:libmx.dll
 0001:0004d532       mxCreateStructMatrix_730   000000018004e532 f   libmx:libmx.dll
 0001:0004d538       mxCalloc                   000000018004e538 f   libmx:libmx.dll
 0001:0004d53e       mxGetClassID               000000018004e53e f   libmx:libmx.dll
 0001:0004d544       mxIsNumeric                000000018004e544 f   libmx:libmx.dll
 0001:0004d54a       mxIsComplex                000000018004e54a f   libmx:libmx.dll
 0001:0004d550       mxGetM                     000000018004e550 f   libmx:libmx.dll
 0001:0004d556       mxGetN                     000000018004e556 f   libmx:libmx.dll
 0001:0004d55c       mxGetString_700            000000018004e55c f   libmx:libmx.dll
 0001:0004d562       mxFree                     000000018004e562 f   libmx:libmx.dll
 0001:0004d568       mxArrayToString            000000018004e568 f   libmx:libmx.dll
 0001:0004d56e       mxGetNumberOfElements      000000018004e56e f   libmx:libmx.dll
 0001:0004d574       mxGetField_700             000000018004e574 f   libmx:libmx.dll
 0001:0004d57a       mxSetFieldByNumber_700     000000018004e57a f   libmx:libmx.dll
 0001:0004d580       mxCreateStructArray_700    000000018004e580 f   libmx:libmx.dll
 0001:0004d586       mxGetData                  000000018004e586 f   libmx:libmx.dll
 0001:0004d58c       mxCreateNumericArray_700   000000018004e58c f   libmx:libmx.dll
 0001:0004d592       mxIsLogical                000000018004e592 f   libmx:libmx.dll
 0001:0004d598       mxCreateDoubleMatrix_700   000000018004e598 f   libmx:libmx.dll
 0001:0004d59e       mxGetProperty_700          000000018004e59e f   libmx:libmx.dll
 0001:0004d5a4       mxCreateCellMatrix_700     000000018004e5a4 f   libmx:libmx.dll
 0001:0004d5aa       mxSetCell_700              000000018004e5aa f   libmx:libmx.dll
 0001:0004d5b0       mxGetCell_700              000000018004e5b0 f   libmx:libmx.dll
 0001:0004d5b6       mxGetClassName             000000018004e5b6 f   libmx:libmx.dll
 0001:0004d5bc       mxSetField_700             000000018004e5bc f   libmx:libmx.dll
 0001:0004d5c2       mxAddField                 000000018004e5c2 f   libmx:libmx.dll
 0001:0004d5c8       mxIsStruct                 000000018004e5c8 f   libmx:libmx.dll
 0001:0004d5ce       mxIsA                      000000018004e5ce f   libmx:libmx.dll
 0001:0004d5d4       mxIsClass                  000000018004e5d4 f   libmx:libmx.dll
 0001:0004d5da       mxGetLogicals              000000018004e5da f   libmx:libmx.dll
 0001:0004d5e0       mxIsSparse                 000000018004e5e0 f   libmx:libmx.dll
 0001:0004d5e6       mxIsCell                   000000018004e5e6 f   libmx:libmx.dll
 0001:0004d5ec       mxGetFieldByNumber_700     000000018004e5ec f   libmx:libmx.dll
 0001:0004d5f2       mxGetFieldNameByNumber     000000018004e5f2 f   libmx:libmx.dll
 0001:0004d5f8       mxGetNumberOfFields        000000018004e5f8 f   libmx:libmx.dll
 0001:0004d5fe       mxCreateStructMatrix_700   000000018004e5fe f   libmx:libmx.dll
 0001:0004d604       mxGetFieldNumber           000000018004e604 f   libmx:libmx.dll
 0001:0004d60a       mxIsNaN                    000000018004e60a f   libmx:libmx.dll
 0001:0004d610       mxIsEmpty                  000000018004e610 f   libmx:libmx.dll
 0001:0004d616       mxGetImagData              000000018004e616 f   libmx:libmx.dll
 0001:0004d61c       mxArrayClassIDName         000000018004e61c f   libmx:libmx.dll
 0001:0004d622       mxCreateNumericMatrix_700  000000018004e622 f   libmx:libmx.dll
 0001:0004d628       mxCalcSingleSubscript_700  000000018004e628 f   libmx:libmx.dll
 0001:0004d62e       mxGetDimensions_700        000000018004e62e f   libmx:libmx.dll
 0001:0004d634       mxGetNumberOfDimensions_700 000000018004e634 f   libmx:libmx.dll
 0001:0004d63a       mxGetElementSize           000000018004e63a f   libmx:libmx.dll
 0001:0004d640       mxCreateStringFromNChars_700 000000018004e640 f   libmx:libmx.dll
 0001:0004d646       mxSetFieldByNumber_730     000000018004e646 f   libmx:libmx.dll
 0001:0004d64c       mxIsLogicalScalarTrue      000000018004e64c f   libmx:libmx.dll
 0001:0004d652       mxCreateNumericArray_730   000000018004e652 f   libmx:libmx.dll
 0001:0004d658       mxCreateLogicalScalar      000000018004e658 f   libmx:libmx.dll
 0001:0004d65e       mxGetDimensions_730        000000018004e65e f   libmx:libmx.dll
 0001:0004d664       mxGetNumberOfDimensions_730 000000018004e664 f   libmx:libmx.dll
 0001:0004d66a       mxGetFieldByNumber_730     000000018004e66a f   libmx:libmx.dll
 0001:0004d670       mxSetCell_730              000000018004e670 f   libmx:libmx.dll
 0001:0004d676       mxGetCell_730              000000018004e676 f   libmx:libmx.dll
 0001:0004d67c       mexMakeArrayPersistent     000000018004e67c f   libmex:libmex.dll
 0001:0004d682       mexErrMsgTxt               000000018004e682 f   libmex:libmex.dll
 0001:0004d688       mexWarnMsgTxt              000000018004e688 f   libmex:libmex.dll
 0001:0004d68e       mexCallMATLAB              000000018004e68e f   libmex:libmex.dll
 0001:0004d694       mexUnlock                  000000018004e694 f   libmex:libmex.dll
 0001:0004d69a       mexIsLocked                000000018004e69a f   libmex:libmex.dll
 0001:0004d6a0       mexLock                    000000018004e6a0 f   libmex:libmex.dll
 0001:0004d6a6       mexMakeMemoryPersistent    000000018004e6a6 f   libmex:libmex.dll
 0001:0004d6ac       mexCallMATLABWithTrap      000000018004e6ac f   libmex:libmex.dll
 0001:0004d6b2       mexPutVariable             000000018004e6b2 f   libmex:libmex.dll
 0001:0004d6b8       mexGetVariable             000000018004e6b8 f   libmex:libmex.dll
 0001:0004d6be       mexFunctionName            000000018004e6be f   libmex:libmex.dll
 0001:0004d6c4       ssRegisterDataTypeFxpFSlopeFixExpBias 000000018004e6c4 f   libfixedpoint:libfixedpoint.dll
 0001:0004d6ca       ssRegisterDataTypeFxpScaledDouble 000000018004e6ca f   libfixedpoint:libfixedpoint.dll
 0001:0004d6d0       utMalloc                   000000018004e6d0 f   libut:libut.dll
 0001:0004d6d6       utFree                     000000018004e6d6 f   libut:libut.dll
 0001:0004d6dc       utCPUtime                  000000018004e6dc f   libut:libut.dll
 0001:0004d6e2       utVSNprintf                000000018004e6e2 f   libut:libut.dll
 0001:0004d6e8       utCalloc                   000000018004e6e8 f   libut:libut.dll
 0001:0004d6ee       utRealloc                  000000018004e6ee f   libut:libut.dll
 0001:0004d6f4       muDoubleScalarCos          000000018004e6f4 f   libmwmathutil:libmwmathutil.dll
 0001:0004d6fa       muDoubleScalarLog          000000018004e6fa f   libmwmathutil:libmwmathutil.dll
 0001:0004d700       muDoubleScalarAtan2        000000018004e700 f   libmwmathutil:libmwmathutil.dll
 0001:0004d706       muDoubleScalarSin          000000018004e706 f   libmwmathutil:libmwmathutil.dll
 0001:0004d70c       muDoubleScalarSqrt         000000018004e70c f   libmwmathutil:libmwmathutil.dll
 0001:0004d712       muDoubleScalarIsNaN        000000018004e712 f   libmwmathutil:libmwmathutil.dll
 0001:0004d718       emlrtCreateRootTLS         000000018004e718 f   libemlrt:libemlrt.dll
 0001:0004d71e       emlrtDestroyRootTLS        000000018004e71e f   libemlrt:libemlrt.dll
 0001:0004d724       emlrtCheckBuiltInR2012b    000000018004e724 f   libemlrt:libemlrt.dll
 0001:0004d72a       emlrtCheckVsBuiltInR2012b  000000018004e72a f   libemlrt:libemlrt.dll
 0001:0004d730       emlrtCheckEnumR2012b       000000018004e730 f   libemlrt:libemlrt.dll
 0001:0004d736       emlrtCreateEnumR2012b      000000018004e736 f   libemlrt:libemlrt.dll
 0001:0004d73c       emlrtGetEnumElementR2009a  000000018004e73c f   libemlrt:libemlrt.dll
 0001:0004d742       emlrtCreateReference       000000018004e742 f   libemlrt:libemlrt.dll
 0001:0004d748       emlrtImportVsFiArrayR2009b 000000018004e748 f   libemlrt:libemlrt.dll
 0001:0004d74e       emlrtNameCapturePostProcessR2012a 000000018004e74e f   libemlrt:libemlrt.dll
 0001:0004d754       emlrtExtractMessageId      000000018004e754 f   libemlrt:libemlrt.dll
 0001:0004d75a       emlrtTranslateMessageIDtoLCPstring 000000018004e75a f   libemlrt:libemlrt.dll
 0001:0004d760       emlrtForLoopVectorIsValidR2011b 000000018004e760 f   libemlrt:libemlrt.dll
 0001:0004d766       emlrtTranslateUTF16MessagetoLCPstring 000000018004e766 f   libemlrt:libemlrt.dll
 0001:0004d76c       emlrtGetEnumUnderlyingArrayR2009a 000000018004e76c f   libemlrt:libemlrt.dll
 0001:0004d772       emlrtIsEnumR2009a          000000018004e772 f   libemlrt:libemlrt.dll
 0001:0004d778       emlrtInitCharArrayR2013a   000000018004e778 f   libemlrt:libemlrt.dll
 0001:0004d780       __raise_securityfailure    000000018004e780 f   MSVCRT:gs_report.obj
 0001:0004d7cc       __report_gsfailure         000000018004e7cc f   MSVCRT:gs_report.obj
 0001:0004d8a0       __report_rangecheckfailure 000000018004e8a0 f   MSVCRT:gs_report.obj
 0001:0004d8b4       __report_securityfailure   000000018004e8b4 f   MSVCRT:gs_report.obj
 0001:0004d950       __report_securityfailureEx 000000018004e950 f   MSVCRT:gs_report.obj
 0001:0004da5e       strcmp                     000000018004ea5e f   MSVCRT:MSVCR110.dll
 0001:0004da64       __GSHandlerCheck           000000018004ea64 f   MSVCRT:gshandler.obj
 0001:0004da84       __GSHandlerCheckCommon     000000018004ea84 f   MSVCRT:gshandler.obj
 0001:0004db00       __security_check_cookie    000000018004eb00 f   MSVCRT:amdsecgs.obj
 0001:0004db20       memset                     000000018004eb20 f   MSVCRT:MSVCR110.dll
 0001:0004db26       strlen                     000000018004eb26 f   MSVCRT:MSVCR110.dll
 0001:0004db2c       memcpy                     000000018004eb2c f   MSVCRT:MSVCR110.dll
 0001:0004db32       strcat                     000000018004eb32 f   MSVCRT:MSVCR110.dll
 0001:0004db38       sprintf                    000000018004eb38 f   MSVCRT:MSVCR110.dll
 0001:0004db3e       free                       000000018004eb3e f   MSVCRT:MSVCR110.dll
 0001:0004db44       malloc                     000000018004eb44 f   MSVCRT:MSVCR110.dll
 0001:0004dbac       NtCurrentTeb               000000018004ebac f i MSVCRT:crtdll.obj
 0001:0004dbb8       _CRT_INIT                  000000018004ebb8 f   MSVCRT:crtdll.obj
 0001:0004de04       _DllMainCRTStartup         000000018004ee04 f   MSVCRT:crtdll.obj
 0001:0004df7a       _setjmp                    000000018004ef7a f   MSVCRT:MSVCR110.dll
 0001:0004df80       strncpy                    000000018004ef80 f   MSVCRT:MSVCR110.dll
 0001:0004dfa0       __chkstk                   000000018004efa0 f   MSVCRT:chkstk.obj
 0001:0004dfa0       _alloca_probe              000000018004efa0     MSVCRT:chkstk.obj
 0001:0004dfee       longjmp                    000000018004efee f   MSVCRT:MSVCR110.dll
 0001:0004dff4       strncmp                    000000018004eff4 f   MSVCRT:MSVCR110.dll
 0001:0004dffa       ceil                       000000018004effa f   MSVCRT:MSVCR110.dll
 0001:0004e000       strrchr                    000000018004f000 f   MSVCRT:MSVCR110.dll
 0001:0004e006       ldexp                      000000018004f006 f   MSVCRT:MSVCR110.dll
 0001:0004e00c       __crt_debugger_hook        000000018004f00c f   MSVCRT:MSVCR110.dll
 0001:0004e012       __crtUnhandledException    000000018004f012 f   MSVCRT:MSVCR110.dll
 0001:0004e018       __crtTerminateProcess      000000018004f018 f   MSVCRT:MSVCR110.dll
 0001:0004e01e       __crtCaptureCurrentContext 000000018004f01e f   MSVCRT:MSVCR110.dll
 0001:0004e024       __crtCapturePreviousContext 000000018004f024 f   MSVCRT:MSVCR110.dll
 0001:0004e02a       __CppXcptFilter            000000018004f02a f   MSVCRT:MSVCR110.dll
 0001:0004e030       _amsg_exit                 000000018004f030 f   MSVCRT:MSVCR110.dll
 0001:0004e040       _FindPESection             000000018004f040 f   MSVCRT:pesect.obj
 0001:0004e090       _IsNonwritableInCurrentImage 000000018004f090 f   MSVCRT:pesect.obj
 0001:0004e0e0       _ValidateImageBase         000000018004f0e0 f   MSVCRT:pesect.obj
 0001:0004e110       __atonexitinit             000000018004f110 f   MSVCRT:atonexit.obj
 0001:0004e160       _onexit                    000000018004f160 f   MSVCRT:atonexit.obj
 0001:0004e210       atexit                     000000018004f210 f   MSVCRT:atonexit.obj
 0001:0004e228       __security_init_cookie     000000018004f228 f   MSVCRT:gs_support.obj
 0001:0004e2d4       DllMain                    000000018004f2d4 f   MSVCRT:dllmain.obj
 0001:0004e2f8       _malloc_crt                000000018004f2f8 f   MSVCRT:MSVCR110.dll
 0001:0004e300       _RTC_Initialize            000000018004f300 f   MSVCRT:initsect.obj
 0001:0004e338       _RTC_Terminate             000000018004f338 f   MSVCRT:initsect.obj
 0001:0004e370       _initterm                  000000018004f370 f   MSVCRT:MSVCR110.dll
 0001:0004e376       _initterm_e                000000018004f376 f   MSVCRT:MSVCR110.dll
 0001:0004e37c       __clean_type_info_names    000000018004f37c f   MSVCRT:tncleanup.obj
 0001:0004e388       __C_specific_handler       000000018004f388 f   MSVCRT:MSVCR110.dll
 0001:0004e38e       _lock                      000000018004f38e f   MSVCRT:MSVCR110.dll
 0001:0004e394       _unlock                    000000018004f394 f   MSVCRT:MSVCR110.dll
 0001:0004e39a       _calloc_crt                000000018004f39a f   MSVCRT:MSVCR110.dll
 0001:0004e3a0       __dllonexit                000000018004f3a0 f   MSVCRT:MSVCR110.dll
 0001:0004e3a6       __clean_type_info_names_internal 000000018004f3a6 f   MSVCRT:MSVCR110.dll
 0001:0004e3ac       IsDebuggerPresent          000000018004f3ac f   kernel32:KERNEL32.dll
 0001:0004e3b2       IsProcessorFeaturePresent  000000018004f3b2 f   kernel32:KERNEL32.dll
 0001:0004e3b8       EncodePointer              000000018004f3b8 f   kernel32:KERNEL32.dll
 0001:0004e3be       DecodePointer              000000018004f3be f   kernel32:KERNEL32.dll
 0001:0004e3c4       QueryPerformanceCounter    000000018004f3c4 f   kernel32:KERNEL32.dll
 0001:0004e3ca       GetCurrentProcessId        000000018004f3ca f   kernel32:KERNEL32.dll
 0001:0004e3d0       GetCurrentThreadId         000000018004f3d0 f   kernel32:KERNEL32.dll
 0001:0004e3d6       GetSystemTimeAsFileTime    000000018004f3d6 f   kernel32:KERNEL32.dll
 0001:0004e3dc       DisableThreadLibraryCalls  000000018004f3dc f   kernel32:KERNEL32.dll
 0002:00000000       __imp_DisableThreadLibraryCalls 0000000180050000     kernel32:KERNEL32.dll
 0002:00000008       __imp_GetSystemTimeAsFileTime 0000000180050008     kernel32:KERNEL32.dll
 0002:00000010       __imp_GetCurrentThreadId   0000000180050010     kernel32:KERNEL32.dll
 0002:00000018       __imp_GetCurrentProcessId  0000000180050018     kernel32:KERNEL32.dll
 0002:00000020       __imp_QueryPerformanceCounter 0000000180050020     kernel32:KERNEL32.dll
 0002:00000028       __imp_DecodePointer        0000000180050028     kernel32:KERNEL32.dll
 0002:00000030       __imp_EncodePointer        0000000180050030     kernel32:KERNEL32.dll
 0002:00000038       __imp_IsProcessorFeaturePresent 0000000180050038     kernel32:KERNEL32.dll
 0002:00000040       __imp_IsDebuggerPresent    0000000180050040     kernel32:KERNEL32.dll
 0002:00000048       \177KERNEL32_NULL_THUNK_DATA 0000000180050048     kernel32:KERNEL32.dll
 0002:00000050       __imp___clean_type_info_names_internal 0000000180050050     MSVCRT:MSVCR110.dll
 0002:00000058       __imp__onexit              0000000180050058     MSVCRT:MSVCR110.dll
 0002:00000060       __imp___dllonexit          0000000180050060     MSVCRT:MSVCR110.dll
 0002:00000068       __imp__calloc_crt          0000000180050068     MSVCRT:MSVCR110.dll
 0002:00000070       __imp__unlock              0000000180050070     MSVCRT:MSVCR110.dll
 0002:00000078       __imp__lock                0000000180050078     MSVCRT:MSVCR110.dll
 0002:00000080       __imp___C_specific_handler 0000000180050080     MSVCRT:MSVCR110.dll
 0002:00000088       __imp__initterm_e          0000000180050088     MSVCRT:MSVCR110.dll
 0002:00000090       __imp__initterm            0000000180050090     MSVCRT:MSVCR110.dll
 0002:00000098       __imp__malloc_crt          0000000180050098     MSVCRT:MSVCR110.dll
 0002:000000a0       __imp__amsg_exit           00000001800500a0     MSVCRT:MSVCR110.dll
 0002:000000a8       __imp___CppXcptFilter      00000001800500a8     MSVCRT:MSVCR110.dll
 0002:000000b0       __imp___crtCapturePreviousContext 00000001800500b0     MSVCRT:MSVCR110.dll
 0002:000000b8       __imp___crtCaptureCurrentContext 00000001800500b8     MSVCRT:MSVCR110.dll
 0002:000000c0       __imp___crtTerminateProcess 00000001800500c0     MSVCRT:MSVCR110.dll
 0002:000000c8       __imp___crtUnhandledException 00000001800500c8     MSVCRT:MSVCR110.dll
 0002:000000d0       __imp___crt_debugger_hook  00000001800500d0     MSVCRT:MSVCR110.dll
 0002:000000d8       __imp_ldexp                00000001800500d8     MSVCRT:MSVCR110.dll
 0002:000000e0       __imp_strrchr              00000001800500e0     MSVCRT:MSVCR110.dll
 0002:000000e8       __imp_ceil                 00000001800500e8     MSVCRT:MSVCR110.dll
 0002:000000f0       __imp_strncmp              00000001800500f0     MSVCRT:MSVCR110.dll
 0002:000000f8       __imp_longjmp              00000001800500f8     MSVCRT:MSVCR110.dll
 0002:00000100       __imp_strncpy              0000000180050100     MSVCRT:MSVCR110.dll
 0002:00000108       __imp__setjmp              0000000180050108     MSVCRT:MSVCR110.dll
 0002:00000110       __imp_malloc               0000000180050110     MSVCRT:MSVCR110.dll
 0002:00000118       __imp_free                 0000000180050118     MSVCRT:MSVCR110.dll
 0002:00000120       __imp_sprintf              0000000180050120     MSVCRT:MSVCR110.dll
 0002:00000128       __imp_strcat               0000000180050128     MSVCRT:MSVCR110.dll
 0002:00000130       __imp_memcpy               0000000180050130     MSVCRT:MSVCR110.dll
 0002:00000138       __imp_strlen               0000000180050138     MSVCRT:MSVCR110.dll
 0002:00000140       __imp_memset               0000000180050140     MSVCRT:MSVCR110.dll
 0002:00000148       __imp_strcmp               0000000180050148     MSVCRT:MSVCR110.dll
 0002:00000150       \177MSVCR110_NULL_THUNK_DATA 0000000180050150     MSVCRT:MSVCR110.dll
 0002:00000158       __imp_emlrtInitCharArrayR2013a 0000000180050158     libemlrt:libemlrt.dll
 0002:00000160       __imp_emlrtIsEnumR2009a    0000000180050160     libemlrt:libemlrt.dll
 0002:00000168       __imp_emlrtGetEnumUnderlyingArrayR2009a 0000000180050168     libemlrt:libemlrt.dll
 0002:00000170       __imp_emlrtTranslateUTF16MessagetoLCPstring 0000000180050170     libemlrt:libemlrt.dll
 0002:00000178       __imp_emlrtForLoopVectorIsValidR2011b 0000000180050178     libemlrt:libemlrt.dll
 0002:00000180       __imp_emlrtTranslateMessageIDtoLCPstring 0000000180050180     libemlrt:libemlrt.dll
 0002:00000188       __imp_emlrtExtractMessageId 0000000180050188     libemlrt:libemlrt.dll
 0002:00000190       __imp_emlrtNameCapturePostProcessR2012a 0000000180050190     libemlrt:libemlrt.dll
 0002:00000198       __imp_emlrtImportVsFiArrayR2009b 0000000180050198     libemlrt:libemlrt.dll
 0002:000001a0       __imp_emlrtCreateReference 00000001800501a0     libemlrt:libemlrt.dll
 0002:000001a8       __imp_emlrtGetEnumElementR2009a 00000001800501a8     libemlrt:libemlrt.dll
 0002:000001b0       __imp_emlrtCreateEnumR2012b 00000001800501b0     libemlrt:libemlrt.dll
 0002:000001b8       __imp_emlrtCheckEnumR2012b 00000001800501b8     libemlrt:libemlrt.dll
 0002:000001c0       __imp_emlrtCheckVsBuiltInR2012b 00000001800501c0     libemlrt:libemlrt.dll
 0002:000001c8       __imp_emlrtCheckBuiltInR2012b 00000001800501c8     libemlrt:libemlrt.dll
 0002:000001d0       __imp_emlrtDestroyRootTLS  00000001800501d0     libemlrt:libemlrt.dll
 0002:000001d8       __imp_emlrtCreateRootTLS   00000001800501d8     libemlrt:libemlrt.dll
 0002:000001e0       \177libemlrt_NULL_THUNK_DATA 00000001800501e0     libemlrt:libemlrt.dll
 0002:000001e8       __imp_ssRegisterDataTypeFxpScaledDouble 00000001800501e8     libfixedpoint:libfixedpoint.dll
 0002:000001f0       __imp_ssRegisterDataTypeFxpFSlopeFixExpBias 00000001800501f0     libfixedpoint:libfixedpoint.dll
 0002:000001f8       \177libfixedpoint_NULL_THUNK_DATA 00000001800501f8     libfixedpoint:libfixedpoint.dll
 0002:00000200       __imp_mexFunctionName      0000000180050200     libmex:libmex.dll
 0002:00000208       __imp_mexGetVariable       0000000180050208     libmex:libmex.dll
 0002:00000210       __imp_mexMakeArrayPersistent 0000000180050210     libmex:libmex.dll
 0002:00000218       __imp_mexErrMsgTxt         0000000180050218     libmex:libmex.dll
 0002:00000220       __imp_mexWarnMsgTxt        0000000180050220     libmex:libmex.dll
 0002:00000228       __imp_mexCallMATLAB        0000000180050228     libmex:libmex.dll
[...]
 0004:00002d0c       $pdata$2$sf_debug_hm_initialize_chart 000000018006cd0c     sfc_debug:sfdb_handle_management.obj
 0004:00002d18       $pdata$3$sf_debug_hm_initialize_chart 000000018006cd18     sfc_debug:sfdb_handle_management.obj
 0004:00002d24       $pdata$4$sf_debug_hm_initialize_chart 000000018006cd24     sfc_debug:sfdb_handle_management.obj
 0004:00002d30       $pdata$5$sf_debug_hm_initialize_chart 000000018006cd30     sfc_debug:sfdb_handle_management.obj
 0004:00002d3c       $pdata$sf_debug_hm_terminate 000000018006cd3c     sfc_debug:sfdb_handle_management.obj
 0004:00002d48       $pdata$sf_debug_hm_initialize_machine 000000018006cd48     sfc_debug:sfdb_handle_management.obj
 0004:00002d54       $pdata$sf_debug_ss_terminate 000000018006cd54     sfc_debug:sfdb_symbol_scope.obj
 0004:00002d60       $pdata$sf_debug_ss_push_symbol_scope 000000018006cd60     sfc_debug:sfdb_symbol_scope.obj
 0004:00002d6c       $pdata$sf_debug_ss_push_symbol_scope_eml 000000018006cd6c     sfc_debug:sfdb_symbol_scope.obj
 0004:00002d78       $pdata$sf_debug_ss_pop_symbol_scope 000000018006cd78     sfc_debug:sfdb_symbol_scope.obj
 0004:00002d84       $pdata$sf_debug_ss_add_symbol 000000018006cd84     sfc_debug:sfdb_symbol_scope.obj
 0004:00002d90       $pdata$sf_debug_ss_add_symbol_eml 000000018006cd90     sfc_debug:sfdb_symbol_scope.obj
 0004:00002d9c       $pdata$sf_debug_ss_copy_dimension 000000018006cd9c     sfc_debug:sfdb_symbol_scope.obj
 0004:00002da8       $pdata$sf_debug_ss_fill_data_struct 000000018006cda8     sfc_debug:sfdb_symbol_scope.obj
 0004:00002db4       $pdata$5$sf_debug_ss_fill_data_struct 000000018006cdb4     sfc_debug:sfdb_symbol_scope.obj
 0004:00002dc0       $pdata$8$sf_debug_ss_fill_data_struct 000000018006cdc0     sfc_debug:sfdb_symbol_scope.obj
 0004:00002dcc       $pdata$9$sf_debug_ss_fill_data_struct 000000018006cdcc     sfc_debug:sfdb_symbol_scope.obj
 0004:00002dd8       $pdata$10$sf_debug_ss_fill_data_struct 000000018006cdd8     sfc_debug:sfdb_symbol_scope.obj
 0004:00002de4       $pdata$sf_debug_fill_data_info_by_data_vector 000000018006cde4     sfc_debug:sfdb_symbol_scope.obj
 0004:00002df0       $pdata$get_data_info_helper 000000018006cdf0     sfc_debug:sfdb_symbol_scope.obj
 0004:00002dfc       $pdata$1$get_data_info_helper 000000018006cdfc     sfc_debug:sfdb_symbol_scope.obj
 0004:00002e08       $pdata$2$get_data_info_helper 000000018006ce08     sfc_debug:sfdb_symbol_scope.obj
 0004:00002e14       $pdata$3$get_data_info_helper 000000018006ce14     sfc_debug:sfdb_symbol_scope.obj
 0004:00002e20       $pdata$4$get_data_info_helper 000000018006ce20     sfc_debug:sfdb_symbol_scope.obj
 0004:00002e2c       $pdata$5$get_data_info_helper 000000018006ce2c     sfc_debug:sfdb_symbol_scope.obj
 0004:00002e38       $pdata$6$get_data_info_helper 000000018006ce38     sfc_debug:sfdb_symbol_scope.obj
 0004:00002e44       $pdata$sf_debug_ss_get_data_info 000000018006ce44     sfc_debug:sfdb_symbol_scope.obj
 0004:00002e50       $pdata$sf_debug_ss_set_data_value_try 000000018006ce50     sfc_debug:sfdb_symbol_scope.obj
 0004:00002e5c       $pdata$sf_debug_ss_set_data_value 000000018006ce5c     sfc_debug:sfdb_symbol_scope.obj
 0004:00002e68       $pdata$sf_debug_ss_get_data_value 000000018006ce68     sfc_debug:sfdb_symbol_scope.obj
 0004:00002e74       $pdata$getInstanceNumber   000000018006ce74     sfc_debug:sfdb_symbol_scope.obj
 0004:00002e80       $pdata$sf_debug_ss_watch_data 000000018006ce80     sfc_debug:sfdb_symbol_scope.obj
 0004:00002e8c       $pdata$sf_debug_ss_assign_data 000000018006ce8c     sfc_debug:sfdb_symbol_scope.obj
 0004:00002e98       $pdata$sf_debug_ss_data_bytes_string 000000018006ce98     sfc_debug:sfdb_symbol_scope.obj
 0004:00002ea4       $pdata$sf_debug_ss_data_class_string 000000018006cea4     sfc_debug:sfdb_symbol_scope.obj
 0004:00002eb0       $pdata$1$sf_debug_ss_data_class_string 000000018006ceb0     sfc_debug:sfdb_symbol_scope.obj
 0004:00002ebc       $pdata$2$sf_debug_ss_data_class_string 000000018006cebc     sfc_debug:sfdb_symbol_scope.obj
 0004:00002ec8       $pdata$3$sf_debug_ss_data_class_string 000000018006cec8     sfc_debug:sfdb_symbol_scope.obj
 0004:00002ed4       $pdata$4$sf_debug_ss_data_class_string 000000018006ced4     sfc_debug:sfdb_symbol_scope.obj
 0004:00002ee0       $pdata$sf_debug_ss_data_size_string 000000018006cee0     sfc_debug:sfdb_symbol_scope.obj
 0004:00002eec       $pdata$0$sf_debug_ss_data_size_string 000000018006ceec     sfc_debug:sfdb_symbol_scope.obj
 0004:00002ef8       $pdata$1$sf_debug_ss_data_size_string 000000018006cef8     sfc_debug:sfdb_symbol_scope.obj
 0004:00002f04       $pdata$sf_debug_ss_data_create_data_info_struct 000000018006cf04     sfc_debug:sfdb_symbol_scope.obj
 0004:00002f10       $pdata$1$sf_debug_ss_data_create_data_info_struct 000000018006cf10     sfc_debug:sfdb_symbol_scope.obj
 0004:00002f1c       $pdata$2$sf_debug_ss_data_create_data_info_struct 000000018006cf1c     sfc_debug:sfdb_symbol_scope.obj
 0004:00002f28       $pdata$sf_debug_ss_data_create_name_value_pair 000000018006cf28     sfc_debug:sfdb_symbol_scope.obj
 0004:00002f34       $pdata$same_named_data_in_data_array 000000018006cf34     sfc_debug:sfdb_symbol_scope.obj
 0004:00002f40       $pdata$sf_debug_ss_whos    000000018006cf40     sfc_debug:sfdb_symbol_scope.obj
 0004:00002f4c       $pdata$sf_debug_bm_clear_script_breakpoints 000000018006cf4c     sfc_debug:sfdb_breakpoints.obj
 0004:00002f58       $pdata$sf_debug_bm_set_script_breakpoint 000000018006cf58     sfc_debug:sfdb_breakpoints.obj
 0004:00002f64       $pdata$sf_debug_bm_clear_single_script_breakpoint 000000018006cf64     sfc_debug:sfdb_breakpoints.obj
 0004:00002f70       $pdata$sf_debug_bm_query_script_breakpoint 000000018006cf70     sfc_debug:sfdb_breakpoints.obj
 0004:00002f7c       $pdata$sf_debug_bm_initialize_scripts 000000018006cf7c     sfc_debug:sfdb_breakpoints.obj
 0004:00002f88       $pdata$0$sf_debug_bm_initialize_scripts 000000018006cf88     sfc_debug:sfdb_breakpoints.obj
 0004:00002f94       $pdata$2$sf_debug_bm_initialize_scripts 000000018006cf94     sfc_debug:sfdb_breakpoints.obj
 0004:00002fa0       $pdata$3$sf_debug_bm_initialize_scripts 000000018006cfa0     sfc_debug:sfdb_breakpoints.obj
 0004:00002fac       $pdata$4$sf_debug_bm_initialize_scripts 000000018006cfac     sfc_debug:sfdb_breakpoints.obj
 0004:00002fb8       $pdata$sf_debug_bm_initialize_eml 000000018006cfb8     sfc_debug:sfdb_breakpoints.obj
 0004:00002fc4       $pdata$0$sf_debug_bm_initialize_eml 000000018006cfc4     sfc_debug:sfdb_breakpoints.obj
 0004:00002fd0       $pdata$1$sf_debug_bm_initialize_eml 000000018006cfd0     sfc_debug:sfdb_breakpoints.obj
 0004:00002fdc       $pdata$sf_debug_bm_terminate 000000018006cfdc     sfc_debug:sfdb_breakpoints.obj
 0004:00002fe8       $pdata$2$sf_debug_bm_terminate 000000018006cfe8     sfc_debug:sfdb_breakpoints.obj
 0004:00002ff4       $pdata$6$sf_debug_bm_terminate 000000018006cff4     sfc_debug:sfdb_breakpoints.obj
 0004:00003000       $pdata$7$sf_debug_bm_terminate 000000018006d000     sfc_debug:sfdb_breakpoints.obj
 0004:0000300c       $pdata$8$sf_debug_bm_terminate 000000018006d00c     sfc_debug:sfdb_breakpoints.obj
 0004:00003018       $pdata$sf_debug_bm_remove_all_breakpoints_in_machine 000000018006d018     sfc_debug:sfdb_breakpoints.obj
 0004:00003024       $pdata$sf_debug_bm_remove_all_breakpoints_in_chart 000000018006d024     sfc_debug:sfdb_breakpoints.obj
 0004:00003030       $pdata$sf_debug_bm_initialize_global_breakpoints 000000018006d030     sfc_debug:sfdb_breakpoints.obj
 0004:0000303c       $pdata$sf_debug_bm_set_breakpoint 000000018006d03c     sfc_debug:sfdb_breakpoints.obj
 0004:00003048       $pdata$0$sf_debug_bm_set_breakpoint 000000018006d048     sfc_debug:sfdb_breakpoints.obj
 0004:00003054       $pdata$3$sf_debug_bm_set_breakpoint 000000018006d054     sfc_debug:sfdb_breakpoints.obj
 0004:00003060       $pdata$2$sf_debug_bm_set_breakpoint 000000018006d060     sfc_debug:sfdb_breakpoints.obj
 0004:0000306c       $pdata$4$sf_debug_bm_set_breakpoint 000000018006d06c     sfc_debug:sfdb_breakpoints.obj
 0004:00003078       $pdata$5$sf_debug_bm_set_breakpoint 000000018006d078     sfc_debug:sfdb_breakpoints.obj
 0004:00003084       $pdata$6$sf_debug_bm_set_breakpoint 000000018006d084     sfc_debug:sfdb_breakpoints.obj
 0004:00003090       $pdata$8$sf_debug_bm_set_breakpoint 000000018006d090     sfc_debug:sfdb_breakpoints.obj
 0004:0000309c       $pdata$10$sf_debug_bm_set_breakpoint 000000018006d09c     sfc_debug:sfdb_breakpoints.obj
 0004:000030a8       $pdata$12$sf_debug_bm_set_breakpoint 000000018006d0a8     sfc_debug:sfdb_breakpoints.obj
 0004:000030b4       $pdata$13$sf_debug_bm_set_breakpoint 000000018006d0b4     sfc_debug:sfdb_breakpoints.obj
 0004:000030c0       $pdata$sf_debug_bm_set_eml_breakpoint 000000018006d0c0     sfc_debug:sfdb_breakpoints.obj
 0004:000030cc       $pdata$sf_debug_bm_map_debug_tag_to_breakpoint_tag 000000018006d0cc     sfc_debug:sfdb_breakpoints.obj
 0004:000030d8       $pdata$sf_debug_bm_is_a_eml_breakpoint_impl 000000018006d0d8     sfc_debug:sfdb_breakpoints.obj
 0004:000030e4       $pdata$sf_debug_bm_is_a_breakpoint 000000018006d0e4     sfc_debug:sfdb_breakpoints.obj
 0004:000030f0       $pdata$1$sf_debug_bm_is_a_breakpoint 000000018006d0f0     sfc_debug:sfdb_breakpoints.obj
 0004:000030fc       $pdata$2$sf_debug_bm_is_a_breakpoint 000000018006d0fc     sfc_debug:sfdb_breakpoints.obj
 0004:00003108       $pdata$3$sf_debug_bm_is_a_breakpoint 000000018006d108     sfc_debug:sfdb_breakpoints.obj
 0004:00003114       $pdata$4$sf_debug_bm_is_a_breakpoint 000000018006d114     sfc_debug:sfdb_breakpoints.obj
 0004:00003120       $pdata$5$sf_debug_bm_is_a_breakpoint 000000018006d120     sfc_debug:sfdb_breakpoints.obj
 0004:0000312c       $pdata$sf_debug_bm_get_all_breakpoints_in_machine 000000018006d12c     sfc_debug:sfdb_breakpoints.obj
 0004:00003138       $pdata$0$sf_debug_bm_get_all_breakpoints_in_machine 000000018006d138     sfc_debug:sfdb_breakpoints.obj
 0004:00003144       $pdata$1$sf_debug_bm_get_all_breakpoints_in_machine 000000018006d144     sfc_debug:sfdb_breakpoints.obj
 0004:00003150       $pdata$2$sf_debug_bm_get_all_breakpoints_in_machine 000000018006d150     sfc_debug:sfdb_breakpoints.obj
 0004:0000315c       $pdata$3$sf_debug_bm_get_all_breakpoints_in_machine 000000018006d15c     sfc_debug:sfdb_breakpoints.obj
 0004:00003168       $pdata$sf_debug_bm_get_all_breakpoints_in_chart 000000018006d168     sfc_debug:sfdb_breakpoints.obj
 0004:00003174       $pdata$4$sf_debug_bm_get_all_breakpoints_in_chart 000000018006d174     sfc_debug:sfdb_breakpoints.obj
 0004:00003180       $pdata$5$sf_debug_bm_get_all_breakpoints_in_chart 000000018006d180     sfc_debug:sfdb_breakpoints.obj
 0004:0000318c       $pdata$6$sf_debug_bm_get_all_breakpoints_in_chart 000000018006d18c     sfc_debug:sfdb_breakpoints.obj
 0004:00003198       $pdata$7$sf_debug_bm_get_all_breakpoints_in_chart 000000018006d198     sfc_debug:sfdb_breakpoints.obj
 0004:000031a4       $pdata$8$sf_debug_bm_get_all_breakpoints_in_chart 000000018006d1a4     sfc_debug:sfdb_breakpoints.obj
 0004:000031b0       $pdata$sf_debug_bm_initialize_machine 000000018006d1b0     sfc_debug:sfdb_breakpoints.obj
 0004:000031bc       $pdata$sf_debug_bm_initialize_chart 000000018006d1bc     sfc_debug:sfdb_breakpoints.obj
 0004:000031c8       $pdata$sf_debug_sc_push_on_error_stack 000000018006d1c8     sfc_debug:sfdb_state_consistency.obj
 0004:000031d4       $pdata$sf_debug_sc_terminate 000000018006d1d4     sfc_debug:sfdb_state_consistency.obj
 0004:000031e0       $pdata$6$sf_debug_sc_terminate 000000018006d1e0     sfc_debug:sfdb_state_consistency.obj
 0004:000031ec       $pdata$7$sf_debug_sc_terminate 000000018006d1ec     sfc_debug:sfdb_state_consistency.obj
 0004:000031f8       $pdata$sf_debug_sc_is_state_inconsistent 000000018006d1f8     sfc_debug:sfdb_state_consistency.obj
 0004:00003204       $pdata$0$sf_debug_sc_is_state_inconsistent 000000018006d204     sfc_debug:sfdb_state_consistency.obj
 0004:00003210       $pdata$1$sf_debug_sc_is_state_inconsistent 000000018006d210     sfc_debug:sfdb_state_consistency.obj
 0004:0000321c       $pdata$sf_debug_sc_is_chart_consistent 000000018006d21c     sfc_debug:sfdb_state_consistency.obj
 0004:00003228       $pdata$sf_debug_sc_fill_consistency_info 000000018006d228     sfc_debug:sfdb_state_consistency.obj
 0004:00003234       $pdata$1$sf_debug_sc_fill_consistency_info 000000018006d234     sfc_debug:sfdb_state_consistency.obj
 0004:00003240       $pdata$2$sf_debug_sc_fill_consistency_info 000000018006d240     sfc_debug:sfdb_state_consistency.obj
 0004:0000324c       $pdata$sf_debug_sc_get_consistency_error_info 000000018006d24c     sfc_debug:sfdb_state_consistency.obj
 0004:00003258       $pdata$3$sf_debug_sc_get_consistency_error_info 000000018006d258     sfc_debug:sfdb_state_consistency.obj
 0004:00003264       $pdata$4$sf_debug_sc_get_consistency_error_info 000000018006d264     sfc_debug:sfdb_state_consistency.obj
 0004:00003270       $pdata$sf_debug_tm_terminate 000000018006d270     sfc_debug:sfdb_call_stack.obj
 0004:0000327c       $pdata$0$sf_debug_tm_terminate 000000018006d27c     sfc_debug:sfdb_call_stack.obj
 0004:00003288       $pdata$1$sf_debug_tm_terminate 000000018006d288     sfc_debug:sfdb_call_stack.obj
 0004:00003294       $pdata$2$sf_debug_tm_terminate 000000018006d294     sfc_debug:sfdb_call_stack.obj
 0004:000032a0       $pdata$3$sf_debug_tm_terminate 000000018006d2a0     sfc_debug:sfdb_call_stack.obj
 0004:000032ac       $pdata$sf_debug_tm_push_chart_instance 000000018006d2ac     sfc_debug:sfdb_call_stack.obj
 0004:000032b8       $pdata$1$sf_debug_tm_push_chart_instance 000000018006d2b8     sfc_debug:sfdb_call_stack.obj
 0004:000032c4       $pdata$2$sf_debug_tm_push_chart_instance 000000018006d2c4     sfc_debug:sfdb_call_stack.obj
 0004:000032d0       $pdata$sf_debug_tm_push_trace_node 000000018006d2d0     sfc_debug:sfdb_call_stack.obj
 0004:000032dc       $pdata$0$sf_debug_tm_push_trace_node 000000018006d2dc     sfc_debug:sfdb_call_stack.obj
 0004:000032e8       $pdata$7$sf_debug_tm_push_trace_node 000000018006d2e8     sfc_debug:sfdb_call_stack.obj
 0004:000032f4       $pdata$8$sf_debug_tm_push_trace_node 000000018006d2f4     sfc_debug:sfdb_call_stack.obj
 0004:00003300       $pdata$sf_debug_tm_fill_local_trace 000000018006d300     sfc_debug:sfdb_call_stack.obj
 0004:0000330c       $pdata$2$sf_debug_tm_fill_local_trace 000000018006d30c     sfc_debug:sfdb_call_stack.obj
 0004:00003318       $pdata$3$sf_debug_tm_fill_local_trace 000000018006d318     sfc_debug:sfdb_call_stack.obj
 0004:00003324       $pdata$sf_debug_tm_browse_trace 000000018006d324     sfc_debug:sfdb_call_stack.obj
 0004:00003330       $pdata$4$sf_debug_tm_browse_trace 000000018006d330     sfc_debug:sfdb_call_stack.obj
 0004:0000333c       $pdata$5$sf_debug_tm_browse_trace 000000018006d33c     sfc_debug:sfdb_call_stack.obj
 0004:00003348       $pdata$sf_debug_cd_initialize_instance 000000018006d348     sfc_debug:sfdb_cycle_detection.obj
 0004:00003354       $pdata$sf_debug_cd_terminate_instance 000000018006d354     sfc_debug:sfdb_cycle_detection.obj
 0004:00003360       $pdata$sf_debug_cd_free_checksum_stack 000000018006d360     sfc_debug:sfdb_cycle_detection.obj
 0004:0000336c       $pdata$0$sf_debug_cd_free_checksum_stack 000000018006d36c     sfc_debug:sfdb_cycle_detection.obj
 0004:00003378       $pdata$1$sf_debug_cd_free_checksum_stack 000000018006d378     sfc_debug:sfdb_cycle_detection.obj
 0004:00003384       $pdata$sf_debug_cd_reset_pack_strings 000000018006d384     sfc_debug:sfdb_cycle_detection.obj
 0004:00003390       $pdata$6$sf_debug_cd_reset_pack_strings 000000018006d390     sfc_debug:sfdb_cycle_detection.obj
 0004:0000339c       $pdata$7$sf_debug_cd_reset_pack_strings 000000018006d39c     sfc_debug:sfdb_cycle_detection.obj
 0004:000033a8       $pdata$sf_debug_cd_mark_processed_transition_in_instance 000000018006d3a8     sfc_debug:sfdb_cycle_detection.obj
 0004:000033b4       $pdata$sf_debug_cd_checksum_push 000000018006d3b4     sfc_debug:sfdb_cycle_detection.obj
 0004:000033c0       $pdata$4$sf_debug_cd_checksum_push 000000018006d3c0     sfc_debug:sfdb_cycle_detection.obj
 0004:000033cc       $pdata$5$sf_debug_cd_checksum_push 000000018006d3cc     sfc_debug:sfdb_cycle_detection.obj
 0004:000033d8       $pdata$sf_debug_cd_checksum_pop 000000018006d3d8     sfc_debug:sfdb_cycle_detection.obj
 0004:000033e4       $pdata$0$sf_debug_cd_checksum_pop 000000018006d3e4     sfc_debug:sfdb_cycle_detection.obj
 0004:000033f0       $pdata$1$sf_debug_cd_checksum_pop 000000018006d3f0     sfc_debug:sfdb_cycle_detection.obj
 0004:000033fc       $pdata$sf_debug_cd_turn_off_cycle_detection 000000018006d3fc     sfc_debug:sfdb_cycle_detection.obj
 0004:00003408       $pdata$0$sf_debug_cd_turn_off_cycle_detection 000000018006d408     sfc_debug:sfdb_cycle_detection.obj
 0004:00003414       $pdata$1$sf_debug_cd_turn_off_cycle_detection 000000018006d414     sfc_debug:sfdb_cycle_detection.obj
 0004:00003420       $pdata$sf_debug_cd_terminate 000000018006d420     sfc_debug:sfdb_cycle_detection.obj
 0004:0000342c       $pdata$5$sf_debug_cd_terminate 000000018006d42c     sfc_debug:sfdb_cycle_detection.obj
 0004:00003438       $pdata$6$sf_debug_cd_terminate 000000018006d438     sfc_debug:sfdb_cycle_detection.obj
 0004:00003444       $pdata$MD5Transform        000000018006d444     sfc_debug:ckmd5.obj
 0004:00003450       $pdata$md5file_addn        000000018006d450     sfc_debug:ckmd5.obj
 0004:0000345c       $pdata$md5file_hash        000000018006d45c     sfc_debug:ckmd5.obj
 0004:00003468       $pdata$md5_get_hash        000000018006d468     sfc_debug:ckmd5.obj
 0004:00003474       $pdata$md5_get_hash_for_a_single_string 000000018006d474     sfc_debug:ckmd5.obj
 0004:00003480       $pdata$__raise_securityfailure 000000018006d480     MSVCRT:gs_report.obj
 0004:0000348c       $pdata$__report_gsfailure  000000018006d48c     MSVCRT:gs_report.obj
 0004:00003498       $pdata$__report_rangecheckfailure 000000018006d498     MSVCRT:gs_report.obj
 0004:000034a4       $pdata$__report_securityfailure 000000018006d4a4     MSVCRT:gs_report.obj
 0004:000034b0       $pdata$__report_securityfailureEx 000000018006d4b0     MSVCRT:gs_report.obj
 0004:000034bc       $pdata$__GSHandlerCheck    000000018006d4bc     MSVCRT:gshandler.obj
 0004:000034c8       $pdata$__GSHandlerCheckCommon 000000018006d4c8     MSVCRT:gshandler.obj
 0004:000034e0       $pdata$pre_c_init          000000018006d4e0     MSVCRT:crtdll.obj
 0004:000034ec       $pdata$_CRT_INIT           000000018006d4ec     MSVCRT:crtdll.obj
 0004:000034f8       $pdata$_DllMainCRTStartup  000000018006d4f8     MSVCRT:crtdll.obj
 0004:00003504       $pdata$__DllMainCRTStartup 000000018006d504     MSVCRT:crtdll.obj
 0004:0000351c       $pdata$_IsNonwritableInCurrentImage 000000018006d51c     MSVCRT:pesect.obj
 0004:00003528       $pdata$__atonexitinit      000000018006d528     MSVCRT:atonexit.obj
 0004:00003534       $pdata$_onexit             000000018006d534     MSVCRT:atonexit.obj
 0004:00003540       $pdata$atexit              000000018006d540     MSVCRT:atonexit.obj
 0004:0000354c       $pdata$__security_init_cookie 000000018006d54c     MSVCRT:gs_support.obj
 0004:00003558       $pdata$DllMain             000000018006d558     MSVCRT:dllmain.obj
 0004:00003564       $pdata$_RTC_Initialize     000000018006d564     MSVCRT:initsect.obj
 0004:00003570       $pdata$_RTC_Terminate      000000018006d570     MSVCRT:initsect.obj
 0004:0000357c       $pdata$__DllMainCRTStartup$filt$0 000000018006d57c     MSVCRT:crtdll.obj
 0004:00003588       $pdata$__DllMainCRTStartup$fin$1 000000018006d588     MSVCRT:crtdll.obj
 0004:00003594       $pdata$_IsNonwritableInCurrentImage$filt$0 000000018006d594     MSVCRT:pesect.obj
 0004:000035a0       $pdata$_onexit$fin$0       000000018006d5a0     MSVCRT:atonexit.obj
